== tokens one make spells two ways ==
20 make+token contradictions across 101 records
by kind: car 45  moped 5  motorcycle 45  van 6

MAJORITY IS NOT AUTHORITY — mercedes VITOx4/Vitox1 resolves to the single
record; mg MGAx1/Mgax4 resolves to the single record the other way.

alfa-romeo  [GTV]  GTV x6  /  Gtv x2
    GTV    car/alfa-romeo/1750-gtv  "1750 GTV"
    GTV    car/alfa-romeo/2000-gtv  "2000 GTV"
    GTV    car/alfa-romeo/alfetta-gtv  "Alfetta GTV"
    GTV    car/alfa-romeo/alfetta-gtv-2000  "Alfetta GTV 2000"
           … and 2 more
    Gtv    car/alfa-romeo/gtv-6-2  "Gtv 6 2"
    Gtv    car/alfa-romeo/gtv-v6-24v  "Gtv V6 24V"

aprilia  [SR]  SR x11  /  Sr x1
    SR     motorcycle/aprilia/sr  "SR"
    SR     moped/aprilia/sr  "SR"
    SR     moped/aprilia/sr-ac  "SR AC"
    SR     motorcycle/aprilia/sr-gt  "SR GT"
           … and 7 more
    Sr     moped/aprilia/sr-racing  "Sr Racing"

chevrolet  [SS]  SS x1  /  Ss x1
    SS     car/chevrolet/ss  "SS"
    Ss     car/chevrolet/ss-camaro  "Ss Camaro"

citroen  [BX]  BX x1  /  Bx x2
    BX     car/citroen/bx  "BX"
    Bx     car/citroen/bx-14-re  "Bx 14 Re"
    Bx     car/citroen/bx-16v  "Bx 16V"

citroen  [HY]  HY x2  /  Hy x1
    HY     car/citroen/hy  "HY"
    HY     van/citroen/hy  "HY"
    Hy     van/citroen/hy-72  "Hy 72"

harley-davidson  [FLSTN]  FLSTN x4  /  Flstn x1
    FLSTN  motorcycle/harley-davidson/flstn  "FLSTN"
    FLSTN  motorcycle/harley-davidson/flstn-softail  "FLSTN Softail"
    FLSTN  motorcycle/harley-davidson/flstn-softail-deluxe  "FLSTN Softail Deluxe"
    FLSTN  motorcycle/harley-davidson/heritage-softail-nostalgia-flstn  "Heritage Softail Nostalgia FLSTN"
    Flstn  motorcycle/harley-davidson/flstn-103  "Flstn 103"

harley-davidson  [FLH]  FLH x3  /  Flh x1
    FLH    motorcycle/harley-davidson/flh  "FLH"
    FLH    motorcycle/harley-davidson/flh-duo-glide  "FLH Duo Glide"
    FLH    motorcycle/harley-davidson/flh-electra-glide  "FLH Electra Glide"
    Flh    motorcycle/harley-davidson/flh-electra-glide-1200  "Flh Electra Glide/ 1200"

harley-davidson  [FLHRC]  FLHRC x3  /  Flhrc x1
    FLHRC  motorcycle/harley-davidson/flhrc  "FLHRC"
    FLHRC  motorcycle/harley-davidson/flhrc-road-king  "FLHRC Road King"
    FLHRC  motorcycle/harley-davidson/flhrc-road-king-classic  "FLHRC Road King Classic"
    Flhrc  motorcycle/harley-davidson/flhrc-1  "Flhrc 1"

harley-davidson  [FXE]  Fxe x2  /  FXE x1
    Fxe    motorcycle/harley-davidson/fxe  "Fxe"
    Fxe    motorcycle/harley-davidson/superglide-fxe  "Superglide Fxe"
    FXE    motorcycle/harley-davidson/fxe-f1340  "FXE/F1340"

harley-davidson  [FXSTS]  FXSTS x2  /  Fxsts x1
    FXSTS  motorcycle/harley-davidson/fxsts  "FXSTS"
    FXSTS  motorcycle/harley-davidson/fxsts-springer-softail  "FXSTS Springer Softail"
    Fxsts  motorcycle/harley-davidson/fxsts-springer  "Fxsts Springer"

mercedes-benz  [GD]  GD x9  /  Gd x1
    GD     car/mercedes-benz/240-gd  "240 GD"
    GD     van/mercedes-benz/240-gd  "240 GD"
    GD     van/mercedes-benz/250-gd  "250 GD"
    GD     car/mercedes-benz/250-gd  "250 GD"
           … and 5 more
    Gd     car/mercedes-benz/350-gd-turbo  "350 Gd Turbo"

mercedes-benz  [SEL]  SEL x8  /  Sel x1
    SEL    car/mercedes-benz/280-sel  "280 SEL"
    SEL    car/mercedes-benz/300-sel  "300 SEL"
    SEL    car/mercedes-benz/380-sel  "380 SEL"
    SEL    car/mercedes-benz/420-sel  "420 SEL"
           … and 4 more
    Sel    car/mercedes-benz/sel  "Sel"

mercedes-benz  [TE]  TE x5  /  Te x1
    TE     car/mercedes-benz/200-te  "200 TE"
    TE     car/mercedes-benz/220-te  "220 TE"
    TE     car/mercedes-benz/230-te  "230 TE"
    TE     car/mercedes-benz/280-te  "280 TE"
           … and 1 more
    Te     car/mercedes-benz/320-te  "320 Te"

mercedes-benz  [DA]  DA x1  /  Da x1
    DA     car/mercedes-benz/170-da  "170 DA"
    Da     car/mercedes-benz/814-da  "814 Da"

mg  [TF]  TF x2  /  Tf x2
    TF     car/mg/td-tf  "TD/TF"
    TF     car/mg/tf-midget  "TF Midget"
    Tf     car/mg/tf-135  "Tf 135"
    Tf     car/mg/tf-160  "Tf 160"

mg  [MGF]  MGF x1  /  Mgf x1
    MGF    car/mg/mgf  "MGF"
    Mgf    car/mg/mgf-1-8i-vvc  "Mgf 1.8I Vvc"

mg  [TC]  TC x1  /  Tc x1
    TC     car/mg/tc  "TC"
    Tc     car/mg/tc-special  "Tc Special"

yamaha  [NMAX]  NMAX x4  /  Nmax x1
    NMAX   motorcycle/yamaha/nmax  "NMAX"
    NMAX   motorcycle/yamaha/nmax-125  "NMAX 125"
    NMAX   motorcycle/yamaha/nmax-150  "NMAX 150"
    NMAX   motorcycle/yamaha/nmax-tech-max  "NMAX Tech Max"
    Nmax   motorcycle/yamaha/nmax-155  "Nmax 155"

yamaha  [VMAX]  VMAX x2  /  Vmax x1
    VMAX   motorcycle/yamaha/vmax  "VMAX"
    VMAX   motorcycle/yamaha/vmax-1200  "VMAX 1200"
    Vmax   motorcycle/yamaha/vmax-1700  "Vmax 1700"

zero-motorcycles  [SR]  SR x10  /  Sr x1
    SR     motorcycle/zero-motorcycles/sr  "SR"
    SR     motorcycle/zero-motorcycles/sr-f  "SR/F"
    SR     motorcycle/zero-motorcycles/sr-f-zf14-4-premium  "SR/F ZF14.4 Premium"
    SR     motorcycle/zero-motorcycles/sr-f17-3  "SR/F17.3"
           … and 6 more
    Sr     motorcycle/zero-motorcycles/sr-f-zf14-4  "Sr/F ZF14.4"

20 contradictions, 101 records.
