alias-name collision scan — 14886 records, 57 distinct normalized aliases, 12348 distinct normalized names
make resolution: with 45 make aliases

== CLASS A: alias == another record's name (rung-4 REFUSAL) : 9
  "4x4" [same-make]
      alias of : car/lada/niva ("Lada Niva", d5)
      name  of : car/chevrolet/4x4 ("Chevrolet 4X4", d9), car/lada/4x4 ("Lada 4X4", d5)
  "cordoba" [cross-make]
      alias of : car/seat/cordoba ("SEAT Cordoba", d4)
      name  of : car/chrysler/cordoba ("Chrysler Cordoba", d5)
  "cub" [same-make]
      alias of : motorcycle/honda/super-cub ("Honda Super Cub", d5)
      name  of : moped/honda/cub ("Honda Cub", d5), van/ldv/cub ("LDV Cub", d4)
  "fairlady z" [same-make]
      alias of : car/nissan/z ("Nissan Z", d7)
      name  of : car/nissan/fairlady-z ("Nissan Fairlady Z", d6)
  "montero" [same-make]
      alias of : car/mitsubishi/pajero ("Mitsubishi Pajero", d4), van/mitsubishi/pajero ("Mitsubishi Pajero", d4)
      name  of : car/mitsubishi/montero ("Mitsubishi Montero", d6), van/mitsubishi/montero ("Mitsubishi Montero", d9)
  "rabbit" [same-make]
      alias of : car/volkswagen/golf ("Volkswagen Golf", d2)
      name  of : car/volkswagen/rabbit ("Volkswagen Rabbit", d7)
  "safari" [same-make]
      alias of : car/nissan/patrol ("Nissan Patrol", d4), van/nissan/patrol ("Nissan Patrol", d6), bus/nissan/patrol ("Nissan Patrol", d10)
      name  of : car/gmc/safari ("GMC Safari", d7), car/nissan/safari ("Nissan Safari", d7), car/pontiac/safari ("Pontiac Safari", d7), car/tata/safari ("Tata Safari", d8), bus/temsa/safari ("Temsa Safari", d6)
  "shogun" [same-make]
      alias of : car/mitsubishi/pajero ("Mitsubishi Pajero", d4), van/mitsubishi/pajero ("Mitsubishi Pajero", d4)
      name  of : car/mitsubishi/shogun ("Mitsubishi Shogun", d5), van/mitsubishi/shogun ("Mitsubishi Shogun", d2)
  "sm700" [same-make]
      alias of : motorcycle/gas-gas/sm-700 ("Gas Gas SM 700", d4)
      name  of : motorcycle/gas-gas/sm700 ("Gas Gas SM700", d7)

== CLASS B: one alias, several ids (rung-4 REFUSAL)         : 1
  "leon" → car/cupra/leon ("Cupra Leon", d3), car/seat/leon ("SEAT Leon", d2)

== CLASS C: former_id shadowed by a live id (SILENT WRONG)  : 0

== CLASS D-10 watchlist: "+" names       : 32 seen, 0 colliding
  clear    car/datsun/260z-2-2 "260Z 2+2" → "260z 2 2"
  clear    car/ferrari/365-gt4-2-2 "365 GT4 2+2" → "365 gt4 2 2"
  clear    car/lotus/elan-2 "Elan +2" → "elan 2"
  clear    car/lotus/elan-2-s130 "Elan + 2 S130" → "elan 2 s130"
  clear    car/volvo/m-v50 "M+V50" → "m v50"
  clear    moped/diamant/zouma-s "Zouma+ S" → "zouma s"
  clear    moped/giant/explore-e-1pro "Explore E+ 1PRO" → "explore e 1pro"
  clear    moped/kymco/agility-16-50 "Agility 16+50" → "agility 16 50"
  clear    moped/kymco/agility-16-50-4t "Agility 16+ 50 4T" → "agility 16 50 4t"
  clear    moped/niu/mqi-sport "Mqi+sport" → "mqi sport"
  clear    moped/trek/allant-8s "Allant+ 8S" → "allant 8s"
  clear    moped/trek/allant-9-9s "ALLANT+9.9S" → "allant 9 9s"
  clear    moped/trek/allant-9s "Allant+ 9S" → "allant 9s"
  clear    motorcycle/carver/s-80 "S+80" → "s 80"
  clear    motorcycle/honda/giorno "Giorno +" → "giorno"
  clear    motorcycle/indian/scout-bobber-limited "Scout Bobber Limited +" → "scout bobber limited"
  clear    motorcycle/indian/scout-bobber-limited-tech "Scout Bobber Limited + Tech" → "scout bobber limited tech"
  clear    motorcycle/indian/scout-classic-limited-tech "Scout Classic Limited+tech" → "scout classic limited tech"
  clear    motorcycle/indian/sport-scout-limited-tech "Sport Scout Limited + Tech" → "sport scout limited tech"
  clear    motorcycle/indian/super-scout-limited-tech "Super Scout Limited + Tech" → "super scout limited tech"
  clear    motorcycle/kymco/agility-16-125 "Agility 16+ 125" → "agility 16 125"
  clear    motorcycle/kymco/agility-200 "AGILITY+200" → "agility 200"
  clear    motorcycle/kymco/agility-300 "Agility +300" → "agility 300"
  clear    motorcycle/kymco/super-dink-gt125e5 "Super Dink GT125E5+" → "super dink gt125e5"
  clear    motorcycle/qjmotor/atr125e5 "ATR125E5+" → "atr125e5"
  clear    motorcycle/qjmotor/mtx125e5 "MTX125E5+" → "mtx125e5"
  clear    motorcycle/sym/jet-x125abs-tcs-e5 "Jet X125ABS Tcs E5+" → "jet x125abs tcs e5"
  clear    motorcycle/sym/jet14-125lc-e5 "JET14 125LC E5+" → "jet14 125lc e5"
  clear    motorcycle/vectrix/vx-1li "Vx-1LI+" → "vx 1li"
  clear    motorcycle/zeeho/ae6 "AE6+" → "ae6"
  clear    motorcycle/zeeho/ae8s "AE8S+" → "ae8s"
  clear    truck/daf/xg-530 "XG+530" → "xg 530"

== CLASS G: bare-resolution opt-ins      : 4 seen, 3 dead on arrival
  "León" on car/cupra/leon → DEAD (class B — seat/leon publishes it too)
  "Córdoba" on car/seat/cordoba → DEAD (class A — also the name of car/chrysler/cordoba)
  "León" on car/seat/leon → DEAD (class B — cupra/leon publishes it too)
  "Málaga" on car/seat/malaga → works — bare "malaga" resolves here

== CLASS F: alias shadowed by rung 3 (INERT alias)          : 8
  "Dacia Duster" on car/renault/duster — rung 3 answers car/dacia/duster ("Dacia Duster", d1)
  "Dacia Logan" on car/renault/logan — rung 3 answers car/dacia/logan ("Dacia Logan", d3)
  "Dacia Sandero" on car/renault/sandero — rung 3 answers car/dacia/sandero ("Dacia Sandero", d1)
  "Renault Alliance" on car/renault/9 — rung 3 answers car/renault/alliance ("Renault Alliance", d8)
  "Renault Duster" on car/dacia/duster — rung 3 answers car/renault/duster ("Renault Duster", d4)
  "Renault Logan" on car/dacia/logan — rung 3 answers car/renault/logan ("Renault Logan", d5)
  "Renault Sandero" on car/dacia/sandero — rung 3 answers car/renault/sandero ("Renault Sandero", d3)
  "Renault Symbol" on car/dacia/logan — rung 3 answers car/renault/symbol ("Renault Symbol", d7)

== CLASS E (diagnostic): same-make duplicate normalized names : 0 groups

TOTAL hard findings: 10
