scanned 14886 published records across car,van,motorcycle,moped,truck,bus

== 1. title-cased tokens the catalog itself spells in CAPS elsewhere
   243 distinct tokens over 653 records — adjudicate PER TOKEN, then
   pin the real ones in overrides/styling.yml `acronyms` (fixes them everywhere at once)

  PRO      27 records (caps attested x4  )  byd/Song Pro, byd/Yuan Pro, chery/Tiggo 2 Pro
  MAX      26 records (caps attested x2  )  deepal/S05 Max, ford/B-Max, ford/C-Max
  MK       26 records (caps attested x21 )  austin/Cooper Mk, austin/Sprite Mk, bentley/Mk
  SE       14 records (caps attested x32 )  hyundai/Santa FE Se, jaguar/Xk 140 Se, lamborghini/Urus Se
  BOB      14 records (caps attested x4  )  harley-davidson/Dyna Fat Bob, harley-davidson/Dyna Street Bob, harley-davidson/Fat Bob
  LE       13 records (caps attested x12 )  buick/Le Sabre, chrysler/Le Baron, imperial/Le Baron
  BOY      12 records (caps attested x2  )  harley-davidson/Bad Boy, harley-davidson/Davidson Fat Boy, harley-davidson/Fat Boy
  TC        9 records (caps attested x6  )  chrysler/Tc, mg/Tc Special, scion/Tc
  NEW       9 records (caps attested x3  )  chrysler/New Yorker, chrysler/New Yorker Brougham, chrysler/New Yorker Deluxe
  EVO       9 records (caps attested x7  )  byd/Atto 3 Evo, lamborghini/Huracan Evo, lamborghini/Huracan Evo Spyder
  MB        8 records (caps attested x5  )  ford/Mb, jeep/Mb, mercedes-benz/Mb
  PAN       8 records (caps attested x2  )  harley-davidson/CVO Pan America, harley-davidson/Pan America, harley-davidson/Pan America 1250
  APE       8 records (caps attested x5  )  piaggio/Ape, honda/Ape, piaggio/Ape
  CJ        8 records (caps attested x17 )  chrysler/Cj, jeep/Cj, jeep/Cj 15
  LT        8 records (caps attested x19 )  chevrolet/Malibu Lt, lincoln/Mark Lt, volkswagen/Lt
  CS        8 records (caps attested x15 )  bmw/Cs, daihatsu/Charade Cs, fiat/Cs 544
  EL        7 records (caps attested x7  )  cadillac/El Dorado, chevrolet/El Camino, chevrolet/Chevelle El Camino
  GTS       7 records (caps attested x20 )  holden/Gts, mclaren/Gts, niu/Nqi Gts Pro
  JET       7 records (caps attested x10 )  daihatsu/Hi-Jet, peugeot/Jet Force, sym/Jet
  SP        7 records (caps attested x34 )  jensen/Sp, ducati/Hypermotard 1100EVO Sp, ducati/Hypermotard 950 / Sp
  TS        6 records (caps attested x21 )  borgward/Isabella Ts, fiat/Ts 6249, lloyd/Alexander Ts
  CR        6 records (caps attested x12 )  honda/Cr, honda/Cr-V EX, honda/Cr-V Exl
  TL        6 records (caps attested x12 )  acura/Tl, renault/4 Tl, talaria/Tl
  BIG       6 records (caps attested x2  )  austin/Big Seven, excelsior/Big X, indian/Big Chief
  SS        5 records (caps attested x27 )  alfa-romeo/Giulia Ss, chevrolet/Ss Camaro, jaguar/Ss
  ZIP       5 records (caps attested x9  )  piaggio/Zip, piaggio/Zip, piaggio/Zip RST45KM
  GR        5 records (caps attested x2  )  nissan/Patrol Gr, toyota/Gr Corolla, toyota/Gr Supra
  FX        5 records (caps attested x11 )  harley-davidson/Fx, harley-davidson/Fx Super Glide, zero-motorcycles/Fx
  DT        5 records (caps attested x19 )  cela/Dt-25 I, kymco/Dt X360, yamaha/Dt
  RT        5 records (caps attested x23 )  renault/Rt 6204, renault/Rt 6614, renault/Rt 6844
  RD        5 records (caps attested x18 )  jaguar/Fp Rd, aprilia/Rd, yamaha/Rd
  CUB       5 records (caps attested x3  )  ldv/Cub, honda/Super Cub, triumph/Tiger Cub
  MC        4 records (caps attested x6  )  harley-davidson/Mc, honda/Mc, microcar/Mc Campus
  FXE       4 records (caps attested x2  )  harley-davidson/Fxe, harley-davidson/Superglide Fxe, zero-motorcycles/Fxe
  LTD       4 records (caps attested x9  )  ford/Galaxie Ltd, ford/Ltd Brougham, ford/Ltd Crown Victoria
  DAX       4 records (caps attested x5  )  honda/Dax, honda/Dax, honda/Dax ST50
  SRT       4 records (caps attested x10 )  dodge/Ram Srt-10, dodge/Srt-4, dodge/Ram Srt-10
  FLHR      4 records (caps attested x6  )  harley-davidson/Flhr, harley-davidson/Flhr 1, harley-davidson/Flhr Road King
  TF        4 records (caps attested x8  )  mg/Tf 135, mg/Tf 160, isuzu/Tf
  ID        4 records (caps attested x7  )  citroen/Id 19 P, citroen/Id-19P, volkswagen/Id Polo
  LA        4 records (caps attested x8  )  cadillac/La Salle, mercedes-benz/La, mercedes-benz/La
  SD        4 records (caps attested x8  )  cadillac/Sd, triumph/Sd, tuktuk/Sd
  SC        4 records (caps attested x27 )  alvis/Speed 20 Sc, saturn/Sc, suzuki/Sc
  SJ        4 records (caps attested x9  )  suzuki/Sj, suzuki/Sj 40, suzuki/Sj 410V
  LR        3 records (caps attested x3  )  volkswagen/Id.buzz 4MOTION Lr, ford/Transit Connect 200S Lr Van 1.8TD 55, husqvarna/701 Enduro Lr
  SM        3 records (caps attested x28 )  singer/Sm Roadster, ktm/E-Sm, generic/Trigger Sm
  XB        3 records (caps attested x13 )  scion/Xb, xmotos/Xb-33-50L, zero-motorcycles/Xb
  TRX       3 records (caps attested x2  )  ram/1500 Trx, yamaha/Trx, ram/Trx
  RSV       3 records (caps attested x9  )  aprilia/Rsv, aprilia/Rsv Mille, aprilia/Rsv Tuono
  NH        3 records (caps attested x3  )  ariel/Nh, ariel/Nh Red Hunter, sym/Nh
  XV        3 records (caps attested x36 )  subaru/Xv, yamaha/Xv, yamaha/Xv S650H
  GTR       3 records (caps attested x5  )  nissan/Skyline Gtr, kawasaki/Gtr, cpi/Gtr
  TE        3 records (caps attested x30 )  mercedes-benz/320 Te, aprilia/Te, daf/Te
  BB        3 records (caps attested x4  )  toyota/Bb, peugeot/Bb, ford/Bb
  FJ        3 records (caps attested x4  )  toyota/Fj Cruiser, toyota/Fj Cruiser, yamaha/Fj
  FLST      3 records (caps attested x6  )  harley-davidson/Flst, harley-davidson/Flst Heritage, harley-davidson/Flst Softail
  LP        3 records (caps attested x9  )  mercedes-benz/Lp, moto-guzzi/Lp, mercedes-benz/Lp
  SR        3 records (caps attested x58 )  zero-motorcycles/Sr/F ZF14.4, aprilia/Sr Racing, honda/Dio Sr
  RL        3 records (caps attested x3  )  acura/Rl, aprilia/Rl, turbho/Rl-50
  SV        3 records (caps attested x15 )  caterham-cars-ltd/Seven Sv, farizon/Sv, suzuki/Sv
  GTV       3 records (caps attested x9  )  alfa-romeo/Gtv 6 2, alfa-romeo/Gtv V6 24V, vespa/Gtv
  ES        3 records (caps attested x16 )  ford/55 Es, cfmoto/800MT-Es, crrc/Es
  FT        3 records (caps attested x7  )  fiat/Ft, daf/Ft, daf/XD Ft
  SRX       3 records (caps attested x4  )  cadillac/Srx, yamaha/Srx, yamaha/Srx-6
  XR        3 records (caps attested x28 )  honda/Xr, triumph/Tiger Xr, xingyue/Xr
  CM        3 records (caps attested x4  )  chrysler/Cm, honda/Cm, sisu/Cm
  SX        3 records (caps attested x25 )  datsun/180 Sx, nissan/Sx 200, suzuki/Sx
  AD        3 records (caps attested x6  )  audi/Ad, daf/Ad, iveco/Ad
  AE        3 records (caps attested x6  )  suzuki/Ae, daf/Ae, renault/Ae
  DX        3 records (caps attested x2  )  daihatsu/Feroza Dx, honda/Accord Dx, vauxhall/Dx
  HP        3 records (caps attested x6  )  austin/10 Hp, rolls-royce/20 Hp, rolls-royce/40/50 Hp Phantom
  NV        2 records (caps attested x8  )  nissan/Nv, nissan/Nv
  TA        2 records (caps attested x5  )  mecalac/Ta, terex/Ta
  AT        2 records (caps attested x5  )  iveco/At, spierings/At
  MTX       2 records (caps attested x6  )  honda/Mtx, honda/Mtx
  KR        2 records (caps attested x3  )  hvm/Kr-Master Horsebox, krismar/Kr
  ET        2 records (caps attested x15 )  etesia/Et Lander, crrc/Et
  HD        2 records (caps attested x2  )  renault/Hd, temsa/Hd
  SEI       2 records (caps attested x2  )  westfield/Sei, vespa/Sei Giorni
  LB        2 records (caps attested x8  )  scania-vabis/Lb, scania/Lb
  SK        2 records (caps attested x5  )  sisu/Sk, spierings/Sk
  VX        2 records (caps attested x6  )  vauxhall/Vx, vectrix/Vx-1LI+
  TR        2 records (caps attested x38 )  triumph/20 Tr 3, triumph/Tr
  CT        2 records (caps attested x16 )  honda/Ct, ural/Ct
  FLY       2 records (caps attested x3  )  honda/City Fly CLR125, piaggio/Fly
  CB        2 records (caps attested x105)  honda/Cb, honda/Cb Seven Fifty
  XLX       2 records (caps attested x3  )  harley-davidson/Sportster Xlx, harley-davidson/Xlx
  VT        2 records (caps attested x43 )  honda/Vt, e-max/Vt-120LD
  GP        2 records (caps attested x12 )  lambretta/Gp, neco/Azzuro Gp
  FLS       2 records (caps attested x2  )  harley-davidson/Fls, harley-davidson/Fls Softail Slim
  UZ        2 records (caps attested x2  )  suzuki/Uz, suzuki/Uz
  DUO       2 records (caps attested x2  )  harley-davidson/Duo Glide, harley-davidson/FLH Duo Glide
  XRT       2 records (caps attested x2  )  triumph/Explorer Xrt, triumph/Tiger Xrt
  BW        2 records (caps attested x4  )  yamaha/Bw, yamaha/Bw S
  FZ        2 records (caps attested x19 )  yamaha/Fz, yamaha/Fz-07
  PL        2 records (caps attested x3  )  aprilia/Pl, turbho/Pl-C
  ADV       2 records (caps attested x7  )  cfmoto/700CL-X Adv, honda/X-Adv
  AS        2 records (caps attested x4  )  daf/As, iveco/As
  AC        2 records (caps attested x16 )  demag/Ac, terex/Ac
  KH        2 records (caps attested x4  )  ariel/Kh, harley-davidson/Kh
  WC        2 records (caps attested x7  )  dodge/Wc, dodge/Wc
  XJ        2 records (caps attested x39 )  daimler/Xj, jaguar/Xj
  GTO       2 records (caps attested x3  )  donkervoort/Gto-RS, pontiac/Gto
  RE        2 records (caps attested x10 )  citroen/Bx 14 Re, royal-enfield/Re
  BX        2 records (caps attested x4  )  citroen/Bx 14 Re, citroen/Bx 16V
  BL        2 records (caps attested x2  )  citroen/11 Bl, citroen/11 Bl Sport
  WR        2 records (caps attested x21 )  honda/Wr-V, yamaha/Wr
  XE        2 records (caps attested x3  )  jaguar/Xe, zero-motorcycles/Xe
  XJR       2 records (caps attested x4  )  jaguar/Xjr, yamaha/Xjr
  XK        2 records (caps attested x5  )  jaguar/Xk, jaguar/Xk 140 Se
  SB        2 records (caps attested x11 )  mercedes-benz/170 Sb, mercedes-benz/220 Sb
  CL        2 records (caps attested x21 )  mercedes-benz/Cl, honda/Cl
  SW        2 records (caps attested x2  )  chevrolet/Sw, lancia/Lybra Sw
  DC        2 records (caps attested x2  )  changan/Lumin L Dc, junge-fahrzeugbau-gmbh/Jf/Dc KST03
  XLR       2 records (caps attested x2  )  cadillac/Xlr, cadillac/Xlr-V
  FR        2 records (caps attested x4  )  scion/Fr-S, kovi/Advance Fr
  VS        2 records (caps attested x19 )  toyota/Will Vs, suzuki/Vs
  TD        2 records (caps attested x12 )  toyota/Land Cruiser 250 Td, van-hool/Td
  LJ        2 records (caps attested x4  )  suzuki/Lj, tangjunouling/Lj-EV02
  XT        2 records (caps attested x29 )  subaru/Xt, yamaha/Xt
  RA        2 records (caps attested x13 )  subaru/Wrx Sti Type Ra, aprilia/Ra
  REX       2 records (caps attested x2  )  subaru/Rex, nipponia/E-Rex
  HT        2 records (caps attested x10 )  aion/Hyptec Ht 620 Premium, cadillac/4 D Ht
  CA        2 records (caps attested x5  )  bedford/Ca, bedford/Ca
  CV        1 records (caps attested x9  )  citroen/5 Cv
  YZ        1 records (caps attested x3  )  yamaha/Yz
  YP        1 records (caps attested x9  )  yamaha/Yp
  XVS       1 records (caps attested x22 )  yamaha/Xvs
  XTZ       1 records (caps attested x3  )  yamaha/Xtz
  XS        1 records (caps attested x20 )  yamaha/Xs
  VMX       1 records (caps attested x5  )  yamaha/Vmx
  VMAX      1 records (caps attested x2  )  yamaha/Vmax 1700
  TZR       1 records (caps attested x4  )  yamaha/Tzr
  TDR       1 records (caps attested x2  )  yamaha/Tdr
  TDM       1 records (caps attested x3  )  yamaha/Tdm
  NMAX      1 records (caps attested x4  )  yamaha/Nmax 155
  FZX       1 records (caps attested x2  )  yamaha/Fzx
  FZS       1 records (caps attested x3  )  yamaha/Fzs
  FZR       1 records (caps attested x10 )  yamaha/Fzr
  NT        1 records (caps attested x13 )  nissan/Nt
  FJR       1 records (caps attested x6  )  yamaha/Fjr
  GX        1 records (caps attested x4  )  buick/Encore Gx
  XCA       1 records (caps attested x2  )  triumph/Tiger Xca
  XM        1 records (caps attested x2  )  citroen/Xm
  VZR       1 records (caps attested x4  )  suzuki/Vzr
  VZ        1 records (caps attested x3  )  suzuki/Vz
  CG        1 records (caps attested x6  )  daihatsu/Charade Cg
  MD        1 records (caps attested x3  )  temsa/Md
  RGV       1 records (caps attested x3  )  suzuki/Rgv
  AN        1 records (caps attested x11 )  suzuki/An
  GB        1 records (caps attested x5  )  wrightbus/Gb Kite
  MH        1 records (caps attested x3  )  iveco/Mh
  FB        1 records (caps attested x4  )  volvo/Fb
  FA        1 records (caps attested x12 )  daf/Fa
  CH        1 records (caps attested x13 )  chrysler/Ch
  FS        1 records (caps attested x6  )  volvo/Fs
  KS        1 records (caps attested x6  )  znen/ZN50QT-Ks
  YB        1 records (caps attested x13 )  yamaha/Yb
  QT        1 records (caps attested x84 )  yamaha/Qt
  RM        1 records (caps attested x5  )  turbho/Rm-50
  NL        1 records (caps attested x2  )  volvo/Nl
  RG        1 records (caps attested x7  )  turbho/Rg-50
  RB        1 records (caps attested x2  )  turbho/Rb-50
  MIO       1 records (caps attested x2  )  sym/Mio
  DD        1 records (caps attested x5  )  sym/Dd
  RMX       1 records (caps attested x3  )  suzuki/Rmx
  CP        1 records (caps attested x3  )  shansu/Cp-3
  MP        1 records (caps attested x16 )  iveco/Mp
  MXU       1 records (caps attested x2  )  kymco/Mxu
  SMT       1 records (caps attested x2  )  gilera/Smt
  DNA       1 records (caps attested x3  )  gilera/Dna
  BJ        1 records (caps attested x5  )  foton/Bj
  MY        1 records (caps attested x2  )  citroen/My Ami Buggy
  NP        1 records (caps attested x5  )  benelli/Np
  TG        1 records (caps attested x4  )  man/Tg
  BR        1 records (caps attested x4  )  scania/Br
  PV        1 records (caps attested x8  )  aprilia/Pv
  DB        1 records (caps attested x20 )  aston-martin/Db AR1
  PK        1 records (caps attested x5  )  aprilia/Pk
  CBR       1 records (caps attested x57 )  honda/Cbr
  CBF       1 records (caps attested x17 )  honda/Cbf
  VRSC      1 records (caps attested x3  )  harley-davidson/Vrsc
  VL        1 records (caps attested x6  )  harley-davidson/Vl
  FF        1 records (caps attested x3  )  jensen/Ff
  LM        1 records (caps attested x3  )  lamborghini/Lm 002
  JE        1 records (caps attested x3  )  harley-davidson/Je
  HPE       1 records (caps attested x8  )  lancia/Hpe
  GD        1 records (caps attested x11 )  mercedes-benz/350 Gd Turbo
  DA        1 records (caps attested x2  )  mercedes-benz/814 Da
  BM        1 records (caps attested x4  )  mercedes-benz/Bm
  FLH       1 records (caps attested x7  )  harley-davidson/Flh Electra Glide/ 1200
  SEL       1 records (caps attested x9  )  mercedes-benz/Sel
  XN        1 records (caps attested x2  )  mini/Xn
  PI        1 records (caps attested x3  )  morgan/Plus 8 Pi
  ABS       1 records (caps attested x15 )  ducati/Monster 1100S Abs
  EW        1 records (caps attested x2  )  douglas/Ew
  PF        1 records (caps attested x2  )  plymouth/Pf
  TRK       1 records (caps attested x6  )  benelli/Trk
  TNT       1 records (caps attested x4  )  benelli/Tnt
  RH        1 records (caps attested x5  )  ariel/Rh
  HL        1 records (caps attested x4  )  princess/1800 Hl
  IM        1 records (caps attested x2  )  scion/Im
  RP        1 records (caps attested x5  )  aprilia/Rp
  ETV       1 records (caps attested x2  )  aprilia/Etv Caponord
  XA        1 records (caps attested x6  )  scion/Xa
  XLV       1 records (caps attested x2  )  ssangyong/Xlv
  GSR       1 records (caps attested x8  )  subaru/Gsr
  WD        1 records (caps attested x3  )  dodge/Wd-15
  HY        1 records (caps attested x2  )  citroen/Hy 72
  MR        1 records (caps attested x7  )  toyota/Mr-S
  GY        1 records (caps attested x7  )  vauxhall/Gy
  XP        1 records (caps attested x4  )  peugeot/Xp
  LUX       1 records (caps attested x3  )  nsu/Lux
  LXR       1 records (caps attested x2  )  lexmoto/Lxr
  RC        1 records (caps attested x15 )  ktm/Rc
  EXC       1 records (caps attested x24 )  ktm/Exc-F
  ZZR       1 records (caps attested x3  )  kawasaki/Zzr
  ZXR       1 records (caps attested x3  )  kawasaki/Zxr
  ZRX       1 records (caps attested x4  )  kawasaki/Zrx
  VN        1 records (caps attested x38 )  kawasaki/Vn
  KLX       1 records (caps attested x7  )  kawasaki/Klx
  KLR       1 records (caps attested x3  )  kawasaki/Klr
  KL        1 records (caps attested x5  )  kawasaki/Kl
  GPZ       1 records (caps attested x17 )  kawasaki/Gpz
  GPX       1 records (caps attested x6  )  kawasaki/Gpx
  ER        1 records (caps attested x10 )  kawasaki/Er
  EN        1 records (caps attested x5  )  kawasaki/En
  AR        1 records (caps attested x3  )  kawasaki/Ar
  XRV       1 records (caps attested x5  )  honda/Xrv
  BC        1 records (caps attested x3  )  fiat/124 Bc
  WW        1 records (caps attested x5  )  honda/Ww
  VTX       1 records (caps attested x7  )  honda/Vtx
  VTR       1 records (caps attested x8  )  honda/Vtr
  DF        1 records (caps attested x2  )  fiat/Eg/Df 001
  VFR       1 records (caps attested x21 )  honda/Vfr
  PC        1 records (caps attested x13 )  honda/Pc
  NSR       1 records (caps attested x7  )  honda/Nsr
  NSC       1 records (caps attested x7  )  honda/Nsc
  NC        1 records (caps attested x21 )  honda/Nc
  STD       1 records (caps attested x2  )  gmc/Sierra EV Std Range
  CRF       1 records (caps attested x34 )  honda/Crf
  CMX       1 records (caps attested x13 )  honda/Cmx
  CD        1 records (caps attested x9  )  honda/Cd

== 2. published names identical once separators are removed
   same make + same kind = almost certainly one nameplate under two ids.
   VERIFY EACH: E-XC vs EXC are different KTMs. Fix via renames.yml (fold the
   loser into the winner) PLUS a former_ids alias, or the no-vanish gate fails.

  car         bmw              "Z 4" (bmw/z-4)  ==  "Z4" (bmw/z4)
  car         carbodies        "Taxi/Hire Car" (carbodies/taxi-hire-car)  ==  "Taxi/ Hirecar" (carbodies/taxi-hirecar) [casing differs too]
  car         chery            "Tiggo 9" (chery/tiggo-9)  ==  "TIGGO9" (chery/tiggo9) [casing differs too]
  car         chevrolet        "Corvette String Ray" (chevrolet/corvette-string-ray)  ==  "Corvette Stringray" (chevrolet/corvette-stringray) [casing differs too]
  car         chevrolet        "Sport Van" (chevrolet/sport-van)  ==  "Sportvan" (chevrolet/sportvan) [casing differs too]
  car         chrysler         "New Yorker" (chrysler/new-yorker)  ==  "Newyorker" (chrysler/newyorker) [casing differs too]
  car         citroen          "11 Bl" (citroen/11-bl)  ==  "11BL" (citroen/11bl) [casing differs too]
  car         citroen          "280 L" (citroen/280-l)  ==  "280L" (citroen/280l)
  car         citroen          "Ami 8" (citroen/ami-8)  ==  "AMI8" (citroen/ami8) [casing differs too]
  car         citroen          "C3" (citroen/c3)  ==  "ë-C3" (citroen/e-c3)
  car         citroen          "C4" (citroen/c4)  ==  "ë-C4" (citroen/e-c4)
  car         citroen          "Id 19 P" (citroen/id-19-p)  ==  "Id-19P" (citroen/id-19p)
  car         datsun           "260 C" (datsun/260-c)  ==  "260C" (datsun/260c)
  car         ferrari          "456 GT" (ferrari/456-gt)  ==  "456GT" (ferrari/456gt)
  car         fiat             "230 L" (fiat/230-l)  ==  "230L" (fiat/230l)
  car         fiat             "290 L" (fiat/290-l)  ==  "290L" (fiat/290l)
  car         fiat             "A 5881" (fiat/a-5881)  ==  "A5881" (fiat/a5881)
  car         fiat             "Eura Mobil" (fiat/eura-mobil)  ==  "Euramobil" (fiat/euramobil) [casing differs too]
  car         fiat             "T 615" (fiat/t-615)  ==  "T615" (fiat/t615)
  car         ford             "Ranch Wagon" (ford/ranch-wagon)  ==  "Ranchwagon" (ford/ranchwagon) [casing differs too]
  car         jaguar           "X 300" (jaguar/x-300)  ==  "X300" (jaguar/x300)
  car         mercedes-benz    "123 C" (mercedes-benz/123-c)  ==  "123C" (mercedes-benz/123c)
  car         mercedes-benz    "220 SE B/c" (mercedes-benz/220-se-b-c)  ==  "220 Seb/C" (mercedes-benz/220-seb-c) [casing differs too]
  car         mercedes-benz    "280 SL/8" (mercedes-benz/280-sl-8)  ==  "280SL/8" (mercedes-benz/280sl-8)
  car         mercury          "Park Lane" (mercury/park-lane)  ==  "Parklane" (mercury/parklane) [casing differs too]
  car         nissan           "300 ZX" (nissan/300-zx)  ==  "300ZX" (nissan/300zx)
  car         nissan           "Skyline GT-R" (nissan/skyline-gt-r)  ==  "Skyline Gtr" (nissan/skyline-gtr) [casing differs too]
  car         oldsmobile       "F 85" (oldsmobile/f-85)  ==  "F85" (oldsmobile/f85)
  car         peugeot          "230 L" (peugeot/230-l)  ==  "230L" (peugeot/230l)
  car         saab             "9-3" (saab/9-3)  ==  "93" (saab/93)
  car         saab             "9-5" (saab/9-5)  ==  "95" (saab/95)
  car         suzuki           "Sj 40" (suzuki/sj-40)  ==  "SJ40" (suzuki/sj40) [casing differs too]
  car         triumph          "Spitfire Mk3" (triumph/spitfire-mk3)  ==  "SPITFIREMK3" (triumph/spitfiremk3) [casing differs too]
  car         volvo            "B 18" (volvo/b-18)  ==  "B18" (volvo/b18)
  car         willys           "Jeep Cj 5" (willys/jeep-cj-5)  ==  "Jeep CJ5" (willys/jeep-cj5) [casing differs too]
  moped       keeway           "F-ACT50" (keeway/f-act50)  ==  "Fact 50" (keeway/fact-50) [casing differs too]
  moped       ligier           "X-Too" (ligier/x-too)  ==  "Xtoo" (ligier/xtoo) [casing differs too]
  moped       malaguti         "Phantom F-12" (malaguti/phantom-f-12)  ==  "Phantom F12" (malaguti/phantom-f12)
  moped       piaggio          "APE50 Pick Up" (piaggio/ape50-pick-up)  ==  "APE50 Pickup" (piaggio/ape50-pickup) [casing differs too]
  motorcycle  bmw              "F900R A2" (bmw/f900r-a2)  ==  "F900RA2" (bmw/f900ra2)
  motorcycle  bmw              "R1200 Gsadventure" (bmw/r1200-gsadventure)  ==  "R1200GS Adventure" (bmw/r1200gs-adventure) [casing differs too]
  motorcycle  ducati           "Hypermotard 950 / Sp" (ducati/hypermotard-950-sp)  ==  "Hypermotard 950SP" (ducati/hypermotard-950sp) [casing differs too]
  motorcycle  gas-gas          "SM 700" (gas-gas/sm-700)  ==  "SM700" (gas-gas/sm700)
  motorcycle  harley-davidson  "Flhxs Street Glide" (harley-davidson/flhxs-street-glide)  ==  "Flhxs Streetglide" (harley-davidson/flhxs-streetglide) [casing differs too]
  motorcycle  harley-davidson  "XL/2" (harley-davidson/xl-2)  ==  "XL2" (harley-davidson/xl2)
  motorcycle  honda            "GL1800 Gold Wing" (honda/gl1800-gold-wing)  ==  "GL1800 Goldwing" (honda/gl1800-goldwing) [casing differs too]
  motorcycle  kawasaki         "ZZ R1200" (kawasaki/zz-r1200)  ==  "ZZR1200" (kawasaki/zzr1200)
  motorcycle  suzuki           "GSX-R1100" (suzuki/gsx-r1100)  ==  "Gsxr 1100" (suzuki/gsxr-1100) [casing differs too]
  motorcycle  yamaha           "X City" (yamaha/x-city)  ==  "Xcity" (yamaha/xcity) [casing differs too]
  van         chevrolet        "C 1500" (chevrolet/c-1500)  ==  "C1500" (chevrolet/c1500)
  van         dodge            "W 200" (dodge/w-200)  ==  "W200" (dodge/w200)
  van         dodge            "Srt-10" (dodge/srt-10)  ==  "SRT10" (dodge/srt10) [casing differs too]
  van         dodge            "D-100" (dodge/d-100)  ==  "D100" (dodge/d100)
  van         ford             "F-1" (ford/f-1)  ==  "F1" (ford/f1)
  van         ford             "Pick Up" (ford/pick-up)  ==  "Pickup" (ford/pickup) [casing differs too]

  55 groups, 110 records
