36 collision groups in the s4w half, 72 records (catalog: /Users/javi/GitHub/.vdb-worktrees/aud-tag/catalog)

=== top makes by affected records ===
  fiat                 5 groups   10 records
  citroen              4 groups    8 records
  dodge                3 groups    6 records
  chevrolet            3 groups    6 records
  ford                 3 groups    6 records
  mercedes-benz        3 groups    6 records
  saab                 2 groups    4 records
  nissan               2 groups    4 records
  willys               1 groups    2 records
  volvo                1 groups    2 records
  peugeot              1 groups    2 records
  oldsmobile           1 groups    2 records
  mercury              1 groups    2 records
  jaguar               1 groups    2 records
  ferrari              1 groups    2 records
  datsun               1 groups    2 records
  chrysler             1 groups    2 records
  chery                1 groups    2 records
  carbodies            1 groups    2 records

=== proposed canonical forms (first 60 groups, biggest makes first) ===
  car         fiat             "230 L"                  ← "230L"
              ids: fiat/230-l  fiat/230l
  car         fiat             "290 L"                  ← "290L"
              ids: fiat/290-l  fiat/290l
  car         fiat             "A 5881"                 ← "A5881"
              ids: fiat/a-5881  fiat/a5881
  car         fiat             "Eura Mobil"             ← "Euramobil"
              ids: fiat/eura-mobil  fiat/euramobil
  car         fiat             "T 615"                  ← "T615"
              ids: fiat/t-615  fiat/t615
* car         citroen          "11 BL"                  ← "11 Bl" + "11BL"
              ids: citroen/11-bl  citroen/11bl
  car         citroen          "280 L"                  ← "280L"
              ids: citroen/280-l  citroen/280l
* car         citroen          "AMI 8"                  ← "Ami 8" + "AMI8"
              ids: citroen/ami-8  citroen/ami8
* car         citroen          "Id-19 P"                ← "Id 19 P" + "Id-19P"
              ids: citroen/id-19-p  citroen/id-19p
  van         dodge            "D-100"                  ← "D100"
              ids: dodge/d-100  dodge/d100
* van         dodge            "SRT-10"                 ← "Srt-10" + "SRT10"
              ids: dodge/srt-10  dodge/srt10
  van         dodge            "W 200"                  ← "W200"
              ids: dodge/w-200  dodge/w200
  car         chevrolet        "Corvette String Ray"    ← "Corvette Stringray"
              ids: chevrolet/corvette-string-ray  chevrolet/corvette-stringray
  car         chevrolet        "Sport Van"              ← "Sportvan"
              ids: chevrolet/sport-van  chevrolet/sportvan
  van         chevrolet        "C 1500"                 ← "C1500"
              ids: chevrolet/c-1500  chevrolet/c1500
  car         ford             "Ranch Wagon"            ← "Ranchwagon"
              ids: ford/ranch-wagon  ford/ranchwagon
  van         ford             "F-1"                    ← "F1"
              ids: ford/f-1  ford/f1
  van         ford             "Pick Up"                ← "Pickup"
              ids: ford/pick-up  ford/pickup
  car         mercedes-benz    "123 C"                  ← "123C"
              ids: mercedes-benz/123-c  mercedes-benz/123c
* car         mercedes-benz    "220 SE B/C"             ← "220 SE B/c" + "220 Seb/C"
              ids: mercedes-benz/220-se-b-c  mercedes-benz/220-seb-c
  car         mercedes-benz    "280 SL/8"               ← "280SL/8"
              ids: mercedes-benz/280-sl-8  mercedes-benz/280sl-8
  car         saab             "9-3"                    ← "93"
              ids: saab/9-3  saab/93
  car         saab             "9-5"                    ← "95"
              ids: saab/9-5  saab/95
  car         nissan           "300 ZX"                 ← "300ZX"
              ids: nissan/300-zx  nissan/300zx
  car         nissan           "Skyline GT-R"           ← "Skyline Gtr"
              ids: nissan/skyline-gt-r  nissan/skyline-gtr
* car         willys           "Jeep CJ 5"              ← "Jeep Cj 5" + "Jeep CJ5"
              ids: willys/jeep-cj-5  willys/jeep-cj5
  car         volvo            "B 18"                   ← "B18"
              ids: volvo/b-18  volvo/b18
  car         peugeot          "230 L"                  ← "230L"
              ids: peugeot/230-l  peugeot/230l
  car         oldsmobile       "F 85"                   ← "F85"
              ids: oldsmobile/f-85  oldsmobile/f85
  car         mercury          "Park Lane"              ← "Parklane"
              ids: mercury/park-lane  mercury/parklane
  car         jaguar           "X 300"                  ← "X300"
              ids: jaguar/x-300  jaguar/x300
  car         ferrari          "456 GT"                 ← "456GT"
              ids: ferrari/456-gt  ferrari/456gt
  car         datsun           "260 C"                  ← "260C"
              ids: datsun/260-c  datsun/260c
  car         chrysler         "New Yorker"             ← "Newyorker"
              ids: chrysler/new-yorker  chrysler/newyorker
  car         chery            "Tiggo 9"                ← "TIGGO9"
              ids: chery/tiggo-9  chery/tiggo9
  car         carbodies        "Taxi/Hire Car"          ← "Taxi/ Hirecar"
              ids: carbodies/taxi-hire-car  carbodies/taxi-hirecar

* = the canonical form is NEW (no existing variant spells it correctly)

wrote /tmp/collision_renames_s4w.yml — 102 rename entries across 19 makes (62 flap-insurance siblings)

SAFE (canonical already exists as a variant — pure merge): 30 groups / 60 records
NEW  (canonical is a new string — mints an id):             6 groups / 12 records
NEW-class by make: citroen:3 mercedes-benz:1 willys:1 dodge:1
