find_token_duplicates.rb — mode=word  kinds=moped,motorcycle
catalog: /Users/javi/GitHub/.vdb-worktrees/aud-tag/catalog
raw (for approximate row counts): ABSENT — rows~ will print ?

records scanned:                      7385
DUPLICATE groups nominated:           399    (PERMUTATION + SPELLING edges only)
records in a duplicate group:         1032
  groups containing a PERMUTATION:    11   (strongest shape)
  SPELLING edges:                     636
ALTITUDE edges (NOT duplicates):      2513    family-vs-model granularity, never auto-folded
  of which pairs in no cluster:       1784    -> the granularity worklist at the end
GENMODEL-ROLLUP ids (independent):    0   (uk_dft family column; fires with no token edge)

WORKLIST, not a verdict. Every group needs one human call. Order is by
evidence asymmetry (rows~ hi:lo), which surfaces stragglers — it does NOT
mean the top of the list is safe to fold.

──────────────────────────────────────────────────────────────────────────────
[1] suzuki / motorcycle   30 ids   asymmetry ?
     ~~ COMMON-WORD HUB: "GSX" is a subset of 30 names in this make
     motorcycle/suzuki/gsx                      "GSX"                      gb,nl          rows~?       nl2497/d5 gb74/d1
     motorcycle/suzuki/gsx-8s                   "GSX-8S"                   th,ua          rows~?       th203/d5 ua677/d5
     motorcycle/suzuki/gsx-r                    "GSX-R"                    fi,nl          rows~?       fi2470/d10 nl2068/d4
     motorcycle/suzuki/gsx-r1000                "GSX-R1000"                es,fi,gb,lu,nl,th,ua rows~?       es551/d6 fi12/d1 lu303/d3 nl37/d1 th418/d10 ua85/d1 gb22/d1
     motorcycle/suzuki/gsx-r1000k2              "GSX-R1000K2"              fi,nl          rows~?       fi2471/d10 nl4233/d9
     motorcycle/suzuki/gsx-r1000k7              "GSX-R1000K7"              nl,ua          rows~?       nl3863/d8 ua1061/d8
     motorcycle/suzuki/gsx-r1000r               "GSX-R1000R"               th,ua          rows~?       th236/d6 ua271/d2
     motorcycle/suzuki/gsx-r1000u2              "GSX-R1000U2"              fi,lu,nl       rows~?       fi1756/d7 lu388/d4 nl1392/d3
     motorcycle/suzuki/gsx-r1100                "GSX-R1100"                es,fi,nl       rows~?       es848/d10 fi1214/d5 nl316/d1
     motorcycle/suzuki/gsx-r1100w               "GSX R1100W"               nl,ua          rows~?       nl528/d2 ua1352/d10
     motorcycle/suzuki/gsx-r125                 "GSX-R125"                 es,fi,gb,lu,nl rows~?       es181/d2 fi541/d3 lu389/d4 nl2266/d5 gb231/d2
     motorcycle/suzuki/gsx-r600                 "GSX-R600"                 es,fi,gb,lu,nl,ua rows~?       es849/d10 fi94/d1 lu139/d2 nl35/d1 ua53/d1 gb25/d1
     motorcycle/suzuki/gsx-r600u3               "GSX-R600U3"               fi,lu,nl       rows~?       fi1215/d5 lu942/d10 nl1613/d4
     motorcycle/suzuki/gsx-r600u6               "GSX-R600U6"               fi,nl          rows~?       fi2472/d10 nl3864/d8
     motorcycle/suzuki/gsx-r600x                "GSX-R600X"                fi,nl          rows~?       fi922/d4 nl1996/d4
     motorcycle/suzuki/gsx-r750                 "GSX-R750"                 es,fi,gb,lu,nl,ua rows~?       es620/d7 fi90/d1 lu390/d4 nl14/d1 ua72/d1 gb35/d1
     motorcycle/suzuki/gsx-r750u1               "GSX-R750U1"               lu,nl          rows~?       lu569/d6 nl2292/d5
     motorcycle/suzuki/gsx-r750u2               "GSX-R750U2"               nl             rows~?       nl2357/d5
     motorcycle/suzuki/gsx-r750w                "GSX R750W"                nl             rows~?       nl359/d1
     motorcycle/suzuki/gsx-r750x                "GSX-R750X"                fi,nl          rows~?       fi1048/d4 nl1500/d3
     motorcycle/suzuki/gsx-s1000                "GSX-S1000"                es,fi,gb,lu,nl,ua rows~?       es228/d3 fi143/d1 lu102/d1 nl150/d1 ua109/d1 gb50/d1
     motorcycle/suzuki/gsx-s1000f               "GSX-S1000F"               fi,ua          rows~?       fi2473/d10 ua103/d1
     motorcycle/suzuki/gsx-s1000gt              "GSX-S1000GT"              fi,ua          rows~?       fi2474/d10 ua369/d3
     motorcycle/suzuki/gsx-s1000s               "GSX-S1000S"               es,fi,nl       rows~?       es511/d6 fi645/d3 nl1458/d3
     motorcycle/suzuki/gsx-s1000t               "GSX-S1000T"               es,fi,nl       rows~?       es237/d3 fi380/d2 nl582/d2
     motorcycle/suzuki/gsx-s1000x               "GSX-S1000X"               es,fi,lu,nl    rows~?       es197/d3 fi796/d3 lu943/d10 nl711/d2
     motorcycle/suzuki/gsx-s125                 "GSX-S125"                 es,fi,gb,lu,nl rows~?       es124/d2 fi472/d2 lu66/d1 nl1805/d4 gb218/d2
     motorcycle/suzuki/gsx-s750                 "GSX-S750"                 fi,gb,lu,nl,th,ua rows~?       fi612/d3 lu178/d2 nl132/d1 th419/d10 ua71/d1 gb255/d2
     motorcycle/suzuki/gsx-s750u                "GSX-S750U"                fi,nl          rows~?       fi1498/d6 nl1476/d3
     motorcycle/suzuki/gsx-s950w                "GSX-S950W"                fi,nl,ua       rows~?       fi923/d4 nl721/d2 ua1353/d10
     SPELLING: "GSX" ⊆ "GSX-8S"
        why: "GSX-8S" adds only number/code token(s) 8S to "GSX", and no superset of "GSX" adds a second capacity -> one machine respelled is the likelier reading (NOT proven: bmw/r80 vs R80/7 lands here and is wrong)
     SPELLING: "GSX" ⊆ "GSX-R"
        why: "GSX-R" adds only number/code token(s) R to "GSX", and no superset of "GSX" adds a second capacity -> one machine respelled is the likelier reading (NOT proven: bmw/r80 vs R80/7 lands here and is wrong)
     SPELLING: "GSX" ⊆ "GSX-R1000"
        why: "GSX-R1000" adds only number/code token(s) R1000 to "GSX", and no superset of "GSX" adds a second capacity -> one machine respelled is the likelier reading (NOT proven: bmw/r80 vs R80/7 lands here and is wrong)
     SPELLING: "GSX" ⊆ "GSX-R1000K2"
        why: "GSX-R1000K2" adds only number/code token(s) R1000K2 to "GSX", and no superset of "GSX" adds a second capacity -> one machine respelled is the likelier reading (NOT proven: bmw/r80 vs R80/7 lands here and is wrong)
     SPELLING: "GSX" ⊆ "GSX-R1000K7"
        why: "GSX-R1000K7" adds only number/code token(s) R1000K7 to "GSX", and no superset of "GSX" adds a second capacity -> one machine respelled is the likelier reading (NOT proven: bmw/r80 vs R80/7 lands here and is wrong)
     SPELLING: "GSX" ⊆ "GSX-R1000R"
        why: "GSX-R1000R" adds only number/code token(s) R1000R to "GSX", and no superset of "GSX" adds a second capacity -> one machine respelled is the likelier reading (NOT proven: bmw/r80 vs R80/7 lands here and is wrong)
     SPELLING: "GSX" ⊆ "GSX-R1000U2"
        why: "GSX-R1000U2" adds only number/code token(s) R1000U2 to "GSX", and no superset of "GSX" adds a second capacity -> one machine respelled is the likelier reading (NOT proven: bmw/r80 vs R80/7 lands here and is wrong)
     SPELLING: "GSX" ⊆ "GSX-R1100"
        why: "GSX-R1100" adds only number/code token(s) R1100 to "GSX", and no superset of "GSX" adds a second capacity -> one machine respelled is the likelier reading (NOT proven: bmw/r80 vs R80/7 lands here and is wrong)
     SPELLING: "GSX" ⊆ "GSX R1100W"
        why: "GSX R1100W" adds only number/code token(s) R1100W to "GSX", and no superset of "GSX" adds a second capacity -> one machine respelled is the likelier reading (NOT proven: bmw/r80 vs R80/7 lands here and is wrong)
     SPELLING: "GSX" ⊆ "GSX-R125"
        why: "GSX-R125" adds only number/code token(s) R125 to "GSX", and no superset of "GSX" adds a second capacity -> one machine respelled is the likelier reading (NOT proven: bmw/r80 vs R80/7 lands here and is wrong)
     SPELLING: "GSX" ⊆ "GSX-R600"
        why: "GSX-R600" adds only number/code token(s) R600 to "GSX", and no superset of "GSX" adds a second capacity -> one machine respelled is the likelier reading (NOT proven: bmw/r80 vs R80/7 lands here and is wrong)
     SPELLING: "GSX" ⊆ "GSX-R600U3"
        why: "GSX-R600U3" adds only number/code token(s) R600U3 to "GSX", and no superset of "GSX" adds a second capacity -> one machine respelled is the likelier reading (NOT proven: bmw/r80 vs R80/7 lands here and is wrong)
     SPELLING: "GSX" ⊆ "GSX-R600U6"
        why: "GSX-R600U6" adds only number/code token(s) R600U6 to "GSX", and no superset of "GSX" adds a second capacity -> one machine respelled is the likelier reading (NOT proven: bmw/r80 vs R80/7 lands here and is wrong)
     SPELLING: "GSX" ⊆ "GSX-R600X"
        why: "GSX-R600X" adds only number/code token(s) R600X to "GSX", and no superset of "GSX" adds a second capacity -> one machine respelled is the likelier reading (NOT proven: bmw/r80 vs R80/7 lands here and is wrong)
     SPELLING: "GSX" ⊆ "GSX-R750"
        why: "GSX-R750" adds only number/code token(s) R750 to "GSX", and no superset of "GSX" adds a second capacity -> one machine respelled is the likelier reading (NOT proven: bmw/r80 vs R80/7 lands here and is wrong)
     SPELLING: "GSX" ⊆ "GSX-R750U1"
        why: "GSX-R750U1" adds only number/code token(s) R750U1 to "GSX", and no superset of "GSX" adds a second capacity -> one machine respelled is the likelier reading (NOT proven: bmw/r80 vs R80/7 lands here and is wrong)
     SPELLING: "GSX" ⊆ "GSX-R750U2"
        why: "GSX-R750U2" adds only number/code token(s) R750U2 to "GSX", and no superset of "GSX" adds a second capacity -> one machine respelled is the likelier reading (NOT proven: bmw/r80 vs R80/7 lands here and is wrong)
     SPELLING: "GSX" ⊆ "GSX R750W"
        why: "GSX R750W" adds only number/code token(s) R750W to "GSX", and no superset of "GSX" adds a second capacity -> one machine respelled is the likelier reading (NOT proven: bmw/r80 vs R80/7 lands here and is wrong)
     SPELLING: "GSX" ⊆ "GSX-R750X"
        why: "GSX-R750X" adds only number/code token(s) R750X to "GSX", and no superset of "GSX" adds a second capacity -> one machine respelled is the likelier reading (NOT proven: bmw/r80 vs R80/7 lands here and is wrong)
     SPELLING: "GSX" ⊆ "GSX-S1000"
        why: "GSX-S1000" adds only number/code token(s) S1000 to "GSX", and no superset of "GSX" adds a second capacity -> one machine respelled is the likelier reading (NOT proven: bmw/r80 vs R80/7 lands here and is wrong)
     SPELLING: "GSX" ⊆ "GSX-S1000F"
        why: "GSX-S1000F" adds only number/code token(s) S1000F to "GSX", and no superset of "GSX" adds a second capacity -> one machine respelled is the likelier reading (NOT proven: bmw/r80 vs R80/7 lands here and is wrong)
     SPELLING: "GSX" ⊆ "GSX-S1000GT"
        why: "GSX-S1000GT" adds only number/code token(s) S1000GT to "GSX", and no superset of "GSX" adds a second capacity -> one machine respelled is the likelier reading (NOT proven: bmw/r80 vs R80/7 lands here and is wrong)
     SPELLING: "GSX" ⊆ "GSX-S1000S"
        why: "GSX-S1000S" adds only number/code token(s) S1000S to "GSX", and no superset of "GSX" adds a second capacity -> one machine respelled is the likelier reading (NOT proven: bmw/r80 vs R80/7 lands here and is wrong)
     ALTITUDE: "GSX" ⊆ "GSX-S1000S Katana"
        why: "GSX-S1000S Katana" adds the NAME WORD(S) KATANA to "GSX" -> a model named inside a range, not a respelling
     SPELLING: "GSX" ⊆ "GSX-S1000T"
        why: "GSX-S1000T" adds only number/code token(s) S1000T to "GSX", and no superset of "GSX" adds a second capacity -> one machine respelled is the likelier reading (NOT proven: bmw/r80 vs R80/7 lands here and is wrong)
     SPELLING: "GSX" ⊆ "GSX-S1000X"
        why: "GSX-S1000X" adds only number/code token(s) S1000X to "GSX", and no superset of "GSX" adds a second capacity -> one machine respelled is the likelier reading (NOT proven: bmw/r80 vs R80/7 lands here and is wrong)
     SPELLING: "GSX" ⊆ "GSX-S125"
        why: "GSX-S125" adds only number/code token(s) S125 to "GSX", and no superset of "GSX" adds a second capacity -> one machine respelled is the likelier reading (NOT proven: bmw/r80 vs R80/7 lands here and is wrong)
     SPELLING: "GSX" ⊆ "GSX-S750"
        why: "GSX-S750" adds only number/code token(s) S750 to "GSX", and no superset of "GSX" adds a second capacity -> one machine respelled is the likelier reading (NOT proven: bmw/r80 vs R80/7 lands here and is wrong)
     SPELLING: "GSX" ⊆ "GSX-S750U"
        why: "GSX-S750U" adds only number/code token(s) S750U to "GSX", and no superset of "GSX" adds a second capacity -> one machine respelled is the likelier reading (NOT proven: bmw/r80 vs R80/7 lands here and is wrong)
     SPELLING: "GSX" ⊆ "GSX-S950W"
        why: "GSX-S950W" adds only number/code token(s) S950W to "GSX", and no superset of "GSX" adds a second capacity -> one machine respelled is the likelier reading (NOT proven: bmw/r80 vs R80/7 lands here and is wrong)
     ALTITUDE: "GSX-S1000S" ⊆ "GSX-S1000S Katana"
        why: "GSX-S1000S Katana" adds the NAME WORD(S) KATANA to "GSX-S1000S" -> a model named inside a range, not a respelling
──────────────────────────────────────────────────────────────────────────────
[2] yamaha / motorcycle   15 ids   asymmetry ?
     ~~ COMMON-WORD HUB: "YZF" is a subset of 14 names in this make
     motorcycle/yamaha/yzf                      "YZF"                      gb,nl,nz,ua    rows~?       nl2365/d5 nz13/d1 ua903/d7 gb5/d1
     motorcycle/yamaha/yzf-r1                   "YZF-R1"                   es,fi,gb,lu,nl,nz,th,ua rows~?       es374/d5 fi25/d1 lu41/d1 nl40/d1 nz657/d3 th430/d10 ua49/d1 gb27/d1
     motorcycle/yamaha/yzf-r125                 "YZF-R125"                 es,fi,lu,nl,ua rows~?       es81/d1 fi34/d1 lu5/d1 nl385/d1 ua785/d6
     motorcycle/yamaha/yzf-r15                  "YZF-R15"                  nz,th          rows~?       nz258/d2 th50/d2
     motorcycle/yamaha/yzf-r1c                  "YZF-R1C"                  nl,ua          rows~?       nl5194/d10 ua1439/d10
     motorcycle/yamaha/yzf-r1m                  "YZF-R1M"                  es,fi,lu,nl,nz,ua rows~?       es638/d7 fi1351/d6 lu1020/d10 nl1540/d3 nz1643/d7 ua696/d5
     motorcycle/yamaha/yzf-r3                   "YZF-R3"                   es,fi,lu,nl,nz,th,ua rows~?       es219/d3 fi486/d2 lu147/d2 nl546/d2 nz48/d1 th169/d4 ua55/d1
     motorcycle/yamaha/yzf-r6                   "YZF-R6"                   fi,gb,lu,nl,nz,ua rows~?       fi46/d1 lu55/d1 nl17/d1 nz686/d3 ua58/d1 gb68/d1
     motorcycle/yamaha/yzf-r6l                  "YZF-R6L"                  nz,ua          rows~?       nz494/d3 ua633/d5
     motorcycle/yamaha/yzf-r6r                  "YZF-R6R"                  fi,nl,nz,ua    rows~?       fi2667/d10 nl1750/d4 nz948/d4 ua786/d6
     motorcycle/yamaha/yzf-r6rj03               "YZF-R6RJ03"               fi,nl          rows~?       fi1814/d7 nl5195/d10
     motorcycle/yamaha/yzf-r6s                  "YZF-R6S"                  nz,ua          rows~?       nz825/d4 ua787/d6
     motorcycle/yamaha/yzf-r7                   "YZF-R7"                   es,fi,lu,nl,th,ua rows~?       es90/d1 fi312/d2 lu13/d1 nl301/d1 th124/d3 ua134/d1
     motorcycle/yamaha/yzf-r7la                 "YZF-R7LA"                 nz             rows~?       nz126/d1
     motorcycle/yamaha/yzf-r9                   "YZF-R9"                   es,fi,lu,nl,nz,ua rows~?       es85/d1 fi855/d4 lu33/d1 nl994/d2 nz769/d4 ua557/d4
     ALTITUDE: "R125" ⊆ "YZF-R125"
        why: "YZF-R125" adds the NAME WORD(S) YZF to "R125" -> a model named inside a range, not a respelling
     ALTITUDE: "R3" ⊆ "YZF-R3"
        why: "YZF-R3" adds the NAME WORD(S) YZF to "R3" -> a model named inside a range, not a respelling
     SPELLING: "YZF" ⊆ "YZF-R1"
        why: "YZF-R1" adds only number/code token(s) R1 to "YZF", and no superset of "YZF" adds a second capacity -> one machine respelled is the likelier reading (NOT proven: bmw/r80 vs R80/7 lands here and is wrong)
     SPELLING: "YZF" ⊆ "YZF-R125"
        why: "YZF-R125" adds only number/code token(s) R125 to "YZF", and no superset of "YZF" adds a second capacity -> one machine respelled is the likelier reading (NOT proven: bmw/r80 vs R80/7 lands here and is wrong)
     SPELLING: "YZF" ⊆ "YZF-R15"
        why: "YZF-R15" adds only number/code token(s) R15 to "YZF", and no superset of "YZF" adds a second capacity -> one machine respelled is the likelier reading (NOT proven: bmw/r80 vs R80/7 lands here and is wrong)
     SPELLING: "YZF" ⊆ "YZF-R1C"
        why: "YZF-R1C" adds only number/code token(s) R1C to "YZF", and no superset of "YZF" adds a second capacity -> one machine respelled is the likelier reading (NOT proven: bmw/r80 vs R80/7 lands here and is wrong)
     SPELLING: "YZF" ⊆ "YZF-R1M"
        why: "YZF-R1M" adds only number/code token(s) R1M to "YZF", and no superset of "YZF" adds a second capacity -> one machine respelled is the likelier reading (NOT proven: bmw/r80 vs R80/7 lands here and is wrong)
     SPELLING: "YZF" ⊆ "YZF-R3"
        why: "YZF-R3" adds only number/code token(s) R3 to "YZF", and no superset of "YZF" adds a second capacity -> one machine respelled is the likelier reading (NOT proven: bmw/r80 vs R80/7 lands here and is wrong)
     SPELLING: "YZF" ⊆ "YZF-R6"
        why: "YZF-R6" adds only number/code token(s) R6 to "YZF", and no superset of "YZF" adds a second capacity -> one machine respelled is the likelier reading (NOT proven: bmw/r80 vs R80/7 lands here and is wrong)
     SPELLING: "YZF" ⊆ "YZF-R6L"
        why: "YZF-R6L" adds only number/code token(s) R6L to "YZF", and no superset of "YZF" adds a second capacity -> one machine respelled is the likelier reading (NOT proven: bmw/r80 vs R80/7 lands here and is wrong)
     SPELLING: "YZF" ⊆ "YZF-R6R"
        why: "YZF-R6R" adds only number/code token(s) R6R to "YZF", and no superset of "YZF" adds a second capacity -> one machine respelled is the likelier reading (NOT proven: bmw/r80 vs R80/7 lands here and is wrong)
     SPELLING: "YZF" ⊆ "YZF-R6RJ03"
        why: "YZF-R6RJ03" adds only number/code token(s) R6RJ03 to "YZF", and no superset of "YZF" adds a second capacity -> one machine respelled is the likelier reading (NOT proven: bmw/r80 vs R80/7 lands here and is wrong)
     SPELLING: "YZF" ⊆ "YZF-R6S"
        why: "YZF-R6S" adds only number/code token(s) R6S to "YZF", and no superset of "YZF" adds a second capacity -> one machine respelled is the likelier reading (NOT proven: bmw/r80 vs R80/7 lands here and is wrong)
     SPELLING: "YZF" ⊆ "YZF-R7"
        why: "YZF-R7" adds only number/code token(s) R7 to "YZF", and no superset of "YZF" adds a second capacity -> one machine respelled is the likelier reading (NOT proven: bmw/r80 vs R80/7 lands here and is wrong)
     SPELLING: "YZF" ⊆ "YZF-R7LA"
        why: "YZF-R7LA" adds only number/code token(s) R7LA to "YZF", and no superset of "YZF" adds a second capacity -> one machine respelled is the likelier reading (NOT proven: bmw/r80 vs R80/7 lands here and is wrong)
     SPELLING: "YZF" ⊆ "YZF-R9"
        why: "YZF-R9" adds only number/code token(s) R9 to "YZF", and no superset of "YZF" adds a second capacity -> one machine respelled is the likelier reading (NOT proven: bmw/r80 vs R80/7 lands here and is wrong)
──────────────────────────────────────────────────────────────────────────────
[3] suzuki / motorcycle   9 ids   asymmetry ?
     ?? distinct numeric tokens in cluster: 400 — if the marque sold this nameplate in MORE THAN ONE capacity these are different machines, not respellings (the Gold Star 250 trap)
     ~~ COMMON-WORD HUB: "Bandit" is a subset of 8 names in this make
     motorcycle/suzuki/bandit                   "Bandit"                   nl,nz,ua       rows~?       nl2614/d6 nz213/d1 ua545/d4
     motorcycle/suzuki/bandit-1200s             "Bandit 1200S"             fi,nl,ua       rows~?       fi2441/d10 nl3135/d7 ua1053/d8
     motorcycle/suzuki/bandit-400               "Bandit 400"               nl,nz,ua       rows~?       nl5001/d10 nz2309/d10 ua235/d2
     motorcycle/suzuki/gsf1200-bandit           "GSF1200 Bandit"           fi,nl          rows~?       fi2460/d10 nl858/d2
     motorcycle/suzuki/gsf1200-bandit-s         "GSF1200 Bandit S"         nl             rows~?       nl600/d2
     motorcycle/suzuki/gsf1250-bandit           "GSF1250 Bandit"           fi,nl          rows~?       fi2463/d10 nl5015/d10
     motorcycle/suzuki/gsf600-bandit            "GSF600 Bandit"            fi,nl,ua       rows~?       fi2464/d10 nl340/d1 ua246/d2
     motorcycle/suzuki/gsf600-bandit-s          "GSF600 Bandit S"          fi,nl          rows~?       fi2465/d10 nl394/d1
     motorcycle/suzuki/gsf650-bandit            "GSF650 Bandit"            nl,ua          rows~?       nl5016/d10 ua1059/d8
     ALTITUDE: "400" ⊆ "Bandit 400"
        why: "Bandit 400" adds the NAME WORD(S) BANDIT to "400" -> a model named inside a range, not a respelling
     SPELLING: "Bandit" ⊆ "Bandit 1200S"
        why: "Bandit 1200S" adds only number/code token(s) 1200S to "Bandit", and no superset of "Bandit" adds a second capacity -> one machine respelled is the likelier reading (NOT proven: bmw/r80 vs R80/7 lands here and is wrong)
     SPELLING: "Bandit" ⊆ "Bandit 400"
        why: "Bandit 400" adds only number/code token(s) 400 to "Bandit", and no superset of "Bandit" adds a second capacity -> one machine respelled is the likelier reading (NOT proven: bmw/r80 vs R80/7 lands here and is wrong)
     SPELLING: "Bandit" ⊆ "GSF1200 Bandit"
        why: "GSF1200 Bandit" adds only number/code token(s) GSF1200 to "Bandit", and no superset of "Bandit" adds a second capacity -> one machine respelled is the likelier reading (NOT proven: bmw/r80 vs R80/7 lands here and is wrong)
     SPELLING: "Bandit" ⊆ "GSF1200 Bandit S"
        why: "GSF1200 Bandit S" adds only number/code token(s) GSF1200, S to "Bandit", and no superset of "Bandit" adds a second capacity -> one machine respelled is the likelier reading (NOT proven: bmw/r80 vs R80/7 lands here and is wrong)
     SPELLING: "Bandit" ⊆ "GSF1250 Bandit"
        why: "GSF1250 Bandit" adds only number/code token(s) GSF1250 to "Bandit", and no superset of "Bandit" adds a second capacity -> one machine respelled is the likelier reading (NOT proven: bmw/r80 vs R80/7 lands here and is wrong)
     SPELLING: "Bandit" ⊆ "GSF600 Bandit"
        why: "GSF600 Bandit" adds only number/code token(s) GSF600 to "Bandit", and no superset of "Bandit" adds a second capacity -> one machine respelled is the likelier reading (NOT proven: bmw/r80 vs R80/7 lands here and is wrong)
     SPELLING: "Bandit" ⊆ "GSF600 Bandit S"
        why: "GSF600 Bandit S" adds only number/code token(s) GSF600, S to "Bandit", and no superset of "Bandit" adds a second capacity -> one machine respelled is the likelier reading (NOT proven: bmw/r80 vs R80/7 lands here and is wrong)
     SPELLING: "Bandit" ⊆ "GSF650 Bandit"
        why: "GSF650 Bandit" adds only number/code token(s) GSF650 to "Bandit", and no superset of "Bandit" adds a second capacity -> one machine respelled is the likelier reading (NOT proven: bmw/r80 vs R80/7 lands here and is wrong)
     ALTITUDE: "GSF1200" ⊆ "GSF1200 Bandit"
        why: "GSF1200 Bandit" adds the NAME WORD(S) BANDIT to "GSF1200" -> a model named inside a range, not a respelling
     ALTITUDE: "GSF1200" ⊆ "GSF1200 Bandit S"
        why: "GSF1200 Bandit S" adds the NAME WORD(S) BANDIT to "GSF1200" -> a model named inside a range, not a respelling
     SPELLING: "GSF1200 Bandit" ⊆ "GSF1200 Bandit S"
        why: "GSF1200 Bandit S" adds only number/code token(s) S to "GSF1200 Bandit", and no superset of "GSF1200 Bandit" adds a second capacity -> one machine respelled is the likelier reading (NOT proven: bmw/r80 vs R80/7 lands here and is wrong)
     ALTITUDE: "GSF1250" ⊆ "GSF1250 Bandit"
        why: "GSF1250 Bandit" adds the NAME WORD(S) BANDIT to "GSF1250" -> a model named inside a range, not a respelling
     ALTITUDE: "GSF600" ⊆ "GSF600 Bandit"
        why: "GSF600 Bandit" adds the NAME WORD(S) BANDIT to "GSF600" -> a model named inside a range, not a respelling
     ALTITUDE: "GSF600" ⊆ "GSF600 Bandit S"
        why: "GSF600 Bandit S" adds the NAME WORD(S) BANDIT to "GSF600" -> a model named inside a range, not a respelling
     SPELLING: "GSF600 Bandit" ⊆ "GSF600 Bandit S"
        why: "GSF600 Bandit S" adds only number/code token(s) S to "GSF600 Bandit", and no superset of "GSF600 Bandit" adds a second capacity -> one machine respelled is the likelier reading (NOT proven: bmw/r80 vs R80/7 lands here and is wrong)
     ALTITUDE: "GSF650" ⊆ "GSF650 Bandit"
        why: "GSF650 Bandit" adds the NAME WORD(S) BANDIT to "GSF650" -> a model named inside a range, not a respelling
──────────────────────────────────────────────────────────────────────────────
[4] triumph / motorcycle   9 ids   asymmetry ?
     ?? distinct numeric tokens in cluster: 1050 — if the marque sold this nameplate in MORE THAN ONE capacity these are different machines, not respellings (the Gold Star 250 trap)
     ~~ COMMON-WORD HUB: "Speed Triple" is a subset of 9 names in this make
     motorcycle/triumph/speed-triple            "Speed Triple"             es,fi,gb,lu,nl,nz,ua rows~?       es872/d10 fi107/d1 lu181/d2 nl63/d1 nz32/d1 ua274/d2 gb21/d1
     motorcycle/triumph/speed-triple-1050       "Speed Triple 1050"        fi,nl          rows~?       fi2535/d10 nl1383/d3
     motorcycle/triumph/speed-triple-1200rr     "Speed Triple 1200RR"      fi,nl,th       rows~?       fi1222/d5 nl1949/d4 th250/d6
     motorcycle/triumph/speed-triple-1200rs     "Speed Triple 1200RS"      es,fi,lu,nl,th rows~?       es555/d7 fi714/d3 lu969/d10 nl955/d2 th226/d6
     motorcycle/triumph/speed-triple-1200rx     "Speed Triple 1200RX"      nl             rows~?       nl2735/d6
     motorcycle/triumph/speed-triple-r          "Speed Triple R"           es,nl          rows~?       es625/d7 nl921/d2
     motorcycle/triumph/speed-triple-rs         "Speed Triple RS"          es,fi,nl       rows~?       es514/d6 fi924/d4 nl1056/d3
     motorcycle/triumph/speed-triple-s          "Speed Triple S"           fi,nl          rows~?       fi1508/d6 nl1641/d4
     motorcycle/triumph/t509-speed-triple       "T509 Speed Triple"        fi,gb,nl       rows~?       fi2540/d10 nl1342/d3 gb709/d4
     ALTITUDE: "Speed" ⊆ "Speed Triple"
        why: "Speed" has supersets adding 5 DIFFERENT capacities (1050, 1200, 400, 865, 900) -> a range under one family word, not one machine respelled
     ALTITUDE: "Speed" ⊆ "Speed Triple 1050"
        why: "Speed" has supersets adding 5 DIFFERENT capacities (1050, 1200, 400, 865, 900) -> a range under one family word, not one machine respelled
     ALTITUDE: "Speed" ⊆ "Speed Triple 1200RR"
        why: "Speed" has supersets adding 5 DIFFERENT capacities (1050, 1200, 400, 865, 900) -> a range under one family word, not one machine respelled
     ALTITUDE: "Speed" ⊆ "Speed Triple 1200RS"
        why: "Speed" has supersets adding 5 DIFFERENT capacities (1050, 1200, 400, 865, 900) -> a range under one family word, not one machine respelled
     ALTITUDE: "Speed" ⊆ "Speed Triple 1200RX"
        why: "Speed" has supersets adding 5 DIFFERENT capacities (1050, 1200, 400, 865, 900) -> a range under one family word, not one machine respelled
     ALTITUDE: "Speed" ⊆ "Speed Triple R"
        why: "Speed" has supersets adding 5 DIFFERENT capacities (1050, 1200, 400, 865, 900) -> a range under one family word, not one machine respelled
     ALTITUDE: "Speed" ⊆ "Speed Triple RS"
        why: "Speed" has supersets adding 5 DIFFERENT capacities (1050, 1200, 400, 865, 900) -> a range under one family word, not one machine respelled
     ALTITUDE: "Speed" ⊆ "Speed Triple S"
        why: "Speed" has supersets adding 5 DIFFERENT capacities (1050, 1200, 400, 865, 900) -> a range under one family word, not one machine respelled
     ALTITUDE: "Speed" ⊆ "T509 Speed Triple"
        why: "Speed" has supersets adding 5 DIFFERENT capacities (1050, 1200, 400, 865, 900) -> a range under one family word, not one machine respelled
     SPELLING: "Speed Triple" ⊆ "Speed Triple 1050"
        why: "Speed Triple 1050" adds only number/code token(s) 1050 to "Speed Triple", and no superset of "Speed Triple" adds a second capacity -> one machine respelled is the likelier reading (NOT proven: bmw/r80 vs R80/7 lands here and is wrong)
     SPELLING: "Speed Triple" ⊆ "Speed Triple 1200RR"
        why: "Speed Triple 1200RR" adds only number/code token(s) 1200RR to "Speed Triple", and no superset of "Speed Triple" adds a second capacity -> one machine respelled is the likelier reading (NOT proven: bmw/r80 vs R80/7 lands here and is wrong)
     ALTITUDE: "Speed Triple" ⊆ "Speed Triple 1200RR Breitling"
        why: "Speed Triple 1200RR Breitling" adds the NAME WORD(S) BREITLING to "Speed Triple" -> a model named inside a range, not a respelling
     SPELLING: "Speed Triple" ⊆ "Speed Triple 1200RS"
        why: "Speed Triple 1200RS" adds only number/code token(s) 1200RS to "Speed Triple", and no superset of "Speed Triple" adds a second capacity -> one machine respelled is the likelier reading (NOT proven: bmw/r80 vs R80/7 lands here and is wrong)
     SPELLING: "Speed Triple" ⊆ "Speed Triple 1200RX"
        why: "Speed Triple 1200RX" adds only number/code token(s) 1200RX to "Speed Triple", and no superset of "Speed Triple" adds a second capacity -> one machine respelled is the likelier reading (NOT proven: bmw/r80 vs R80/7 lands here and is wrong)
     SPELLING: "Speed Triple" ⊆ "Speed Triple R"
        why: "Speed Triple R" adds only number/code token(s) R to "Speed Triple", and no superset of "Speed Triple" adds a second capacity -> one machine respelled is the likelier reading (NOT proven: bmw/r80 vs R80/7 lands here and is wrong)
     SPELLING: "Speed Triple" ⊆ "Speed Triple RS"
        why: "Speed Triple RS" adds only number/code token(s) RS to "Speed Triple", and no superset of "Speed Triple" adds a second capacity -> one machine respelled is the likelier reading (NOT proven: bmw/r80 vs R80/7 lands here and is wrong)
     SPELLING: "Speed Triple" ⊆ "Speed Triple S"
        why: "Speed Triple S" adds only number/code token(s) S to "Speed Triple", and no superset of "Speed Triple" adds a second capacity -> one machine respelled is the likelier reading (NOT proven: bmw/r80 vs R80/7 lands here and is wrong)
     SPELLING: "Speed Triple" ⊆ "T509 Speed Triple"
        why: "T509 Speed Triple" adds only number/code token(s) T509 to "Speed Triple", and no superset of "Speed Triple" adds a second capacity -> one machine respelled is the likelier reading (NOT proven: bmw/r80 vs R80/7 lands here and is wrong)
     ALTITUDE: "Speed Triple 1200RR" ⊆ "Speed Triple 1200RR Breitling"
        why: "Speed Triple 1200RR Breitling" adds the NAME WORD(S) BREITLING to "Speed Triple 1200RR" -> a model named inside a range, not a respelling
     ALTITUDE: "T509" ⊆ "T509 Speed Triple"
        why: "T509 Speed Triple" adds the NAME WORD(S) SPEED, TRIPLE to "T509" -> a model named inside a range, not a respelling
──────────────────────────────────────────────────────────────────────────────
[5] ducati / motorcycle   9 ids   asymmetry ?
     ?? distinct numeric tokens in cluster: 848 — if the marque sold this nameplate in MORE THAN ONE capacity these are different machines, not respellings (the Gold Star 250 trap)
     ~~ COMMON-WORD HUB: "Streetfighter" is a subset of 9 names in this make
     motorcycle/ducati/streetfighter            "Streetfighter"            fi,gb,lu,nl,nz rows~?       fi635/d3 lu201/d2 nl1151/d3 nz140/d1 gb192/d2
     motorcycle/ducati/streetfighter-848        "Streetfighter 848"        fi,nl          rows~?       fi636/d3 nl703/d2
     motorcycle/ducati/streetfighter-s          "Streetfighter S"          fi,nl          rows~?       fi941/d4 nl1389/d3
     motorcycle/ducati/streetfighter-v2         "Streetfighter V2"         es,fi,nl,th,ua rows~?       es418/d5 fi834/d4 nl704/d2 th262/d7 ua707/d5
     motorcycle/ducati/streetfighter-v2s        "Streetfighter V2S"        es,fi,lu,nl,ua rows~?       es695/d8 fi1581/d6 lu737/d8 nl1604/d4 ua930/d7
     motorcycle/ducati/streetfighter-v4         "Streetfighter V4"         es,fi,lu,nl,th,ua rows~?       es386/d5 fi500/d2 lu738/d8 nl843/d2 th293/d7 ua1161/d9
     motorcycle/ducati/streetfighter-v4s        "Streetfighter V4S"        es,fi,lu,nl,th,ua rows~?       es457/d5 fi741/d3 lu339/d4 nl701/d2 th263/d7 ua216/d2
     motorcycle/ducati/streetfighter-v4sp       "Streetfighter V4SP"       fi,nl,th       rows~?       fi1965/d8 nl2049/d4 th384/d9
     motorcycle/ducati/streetfighter-v4sp2      "Streetfighter V4SP2"      nl,ua          rows~?       nl2759/d6 ua1162/d9
     ALTITUDE: "848" ⊆ "Streetfighter 848"
        why: "Streetfighter 848" adds the NAME WORD(S) STREETFIGHTER to "848" -> a model named inside a range, not a respelling
     SPELLING: "Streetfighter" ⊆ "Streetfighter 848"
        why: "Streetfighter 848" adds only number/code token(s) 848 to "Streetfighter", and no superset of "Streetfighter" adds a second capacity -> one machine respelled is the likelier reading (NOT proven: bmw/r80 vs R80/7 lands here and is wrong)
     SPELLING: "Streetfighter" ⊆ "Streetfighter S"
        why: "Streetfighter S" adds only number/code token(s) S to "Streetfighter", and no superset of "Streetfighter" adds a second capacity -> one machine respelled is the likelier reading (NOT proven: bmw/r80 vs R80/7 lands here and is wrong)
     SPELLING: "Streetfighter" ⊆ "Streetfighter V2"
        why: "Streetfighter V2" adds only number/code token(s) V2 to "Streetfighter", and no superset of "Streetfighter" adds a second capacity -> one machine respelled is the likelier reading (NOT proven: bmw/r80 vs R80/7 lands here and is wrong)
     SPELLING: "Streetfighter" ⊆ "Streetfighter V2S"
        why: "Streetfighter V2S" adds only number/code token(s) V2S to "Streetfighter", and no superset of "Streetfighter" adds a second capacity -> one machine respelled is the likelier reading (NOT proven: bmw/r80 vs R80/7 lands here and is wrong)
     SPELLING: "Streetfighter" ⊆ "Streetfighter V4"
        why: "Streetfighter V4" adds only number/code token(s) V4 to "Streetfighter", and no superset of "Streetfighter" adds a second capacity -> one machine respelled is the likelier reading (NOT proven: bmw/r80 vs R80/7 lands here and is wrong)
     ALTITUDE: "Streetfighter" ⊆ "Streetfighter V4 Supreme"
        why: "Streetfighter V4 Supreme" adds the NAME WORD(S) SUPREME to "Streetfighter" -> a model named inside a range, not a respelling
     SPELLING: "Streetfighter" ⊆ "Streetfighter V4S"
        why: "Streetfighter V4S" adds only number/code token(s) V4S to "Streetfighter", and no superset of "Streetfighter" adds a second capacity -> one machine respelled is the likelier reading (NOT proven: bmw/r80 vs R80/7 lands here and is wrong)
     SPELLING: "Streetfighter" ⊆ "Streetfighter V4SP"
        why: "Streetfighter V4SP" adds only number/code token(s) V4SP to "Streetfighter", and no superset of "Streetfighter" adds a second capacity -> one machine respelled is the likelier reading (NOT proven: bmw/r80 vs R80/7 lands here and is wrong)
     SPELLING: "Streetfighter" ⊆ "Streetfighter V4SP2"
        why: "Streetfighter V4SP2" adds only number/code token(s) V4SP2 to "Streetfighter", and no superset of "Streetfighter" adds a second capacity -> one machine respelled is the likelier reading (NOT proven: bmw/r80 vs R80/7 lands here and is wrong)
     ALTITUDE: "Streetfighter V4" ⊆ "Streetfighter V4 Supreme"
        why: "Streetfighter V4 Supreme" adds the NAME WORD(S) SUPREME to "Streetfighter V4" -> a model named inside a range, not a respelling
──────────────────────────────────────────────────────────────────────────────
[6] yamaha / motorcycle   8 ids   asymmetry ?
     ~~ COMMON-WORD HUB: "Virago" is a subset of 7 names in this make
     motorcycle/yamaha/virago                   "Virago"                   fi,nl,nz,ua    rows~?       fi884/d4 nl2629/d6 nz257/d2 ua373/d3
     motorcycle/yamaha/xv1000-virago            "XV1000 Virago"            fi,nl,nz       rows~?       fi2646/d10 nl809/d2 nz2419/d10
     motorcycle/yamaha/xv1100-virago            "XV1100 Virago"            fi,nl,nz       rows~?       fi715/d3 nl1768/d4 nz2420/d10
     motorcycle/yamaha/xv250-virago             "XV250 Virago"             fi,nl          rows~?       fi2652/d10 nl3914/d8
     motorcycle/yamaha/xv535-virago             "XV535 Virago"             fi,nl          rows~?       fi1349/d6 nl2364/d5
     motorcycle/yamaha/xv700-virago             "XV700 Virago"             fi,nl          rows~?       fi1525/d6 nl347/d1
     motorcycle/yamaha/xv750-virago             "XV750 Virago"             fi,nl,nz       rows~?       fi1350/d6 nl421/d1 nz1871/d8
     motorcycle/yamaha/xv920-virago             "XV920 Virago"             fi,nl          rows~?       fi2655/d10 nl474/d1
     SPELLING: "Virago" ⊆ "XV1000 Virago"
        why: "XV1000 Virago" adds only number/code token(s) XV1000 to "Virago", and no superset of "Virago" adds a second capacity -> one machine respelled is the likelier reading (NOT proven: bmw/r80 vs R80/7 lands here and is wrong)
     SPELLING: "Virago" ⊆ "XV1100 Virago"
        why: "XV1100 Virago" adds only number/code token(s) XV1100 to "Virago", and no superset of "Virago" adds a second capacity -> one machine respelled is the likelier reading (NOT proven: bmw/r80 vs R80/7 lands here and is wrong)
     SPELLING: "Virago" ⊆ "XV250 Virago"
        why: "XV250 Virago" adds only number/code token(s) XV250 to "Virago", and no superset of "Virago" adds a second capacity -> one machine respelled is the likelier reading (NOT proven: bmw/r80 vs R80/7 lands here and is wrong)
     SPELLING: "Virago" ⊆ "XV535 Virago"
        why: "XV535 Virago" adds only number/code token(s) XV535 to "Virago", and no superset of "Virago" adds a second capacity -> one machine respelled is the likelier reading (NOT proven: bmw/r80 vs R80/7 lands here and is wrong)
     SPELLING: "Virago" ⊆ "XV700 Virago"
        why: "XV700 Virago" adds only number/code token(s) XV700 to "Virago", and no superset of "Virago" adds a second capacity -> one machine respelled is the likelier reading (NOT proven: bmw/r80 vs R80/7 lands here and is wrong)
     SPELLING: "Virago" ⊆ "XV750 Virago"
        why: "XV750 Virago" adds only number/code token(s) XV750 to "Virago", and no superset of "Virago" adds a second capacity -> one machine respelled is the likelier reading (NOT proven: bmw/r80 vs R80/7 lands here and is wrong)
     SPELLING: "Virago" ⊆ "XV920 Virago"
        why: "XV920 Virago" adds only number/code token(s) XV920 to "Virago", and no superset of "Virago" adds a second capacity -> one machine respelled is the likelier reading (NOT proven: bmw/r80 vs R80/7 lands here and is wrong)
     ALTITUDE: "XV1000" ⊆ "XV1000 Virago"
        why: "XV1000 Virago" adds the NAME WORD(S) VIRAGO to "XV1000" -> a model named inside a range, not a respelling
     ALTITUDE: "XV1100" ⊆ "XV1100 Virago"
        why: "XV1100 Virago" adds the NAME WORD(S) VIRAGO to "XV1100" -> a model named inside a range, not a respelling
     ALTITUDE: "XV250" ⊆ "XV250 Virago"
        why: "XV250 Virago" adds the NAME WORD(S) VIRAGO to "XV250" -> a model named inside a range, not a respelling
     ALTITUDE: "XV750" ⊆ "XV750 Virago"
        why: "XV750 Virago" adds the NAME WORD(S) VIRAGO to "XV750" -> a model named inside a range, not a respelling
     ALTITUDE: "XV920" ⊆ "XV920 Virago"
        why: "XV920 Virago" adds the NAME WORD(S) VIRAGO to "XV920" -> a model named inside a range, not a respelling
──────────────────────────────────────────────────────────────────────────────
[7] buell / motorcycle   6 ids   asymmetry ?
     ~~ COMMON-WORD HUB: "Lightning" is a subset of 7 names in this make
     motorcycle/buell/lightning                 "Lightning"                fi,gb,lu,nl,nz rows~?       fi339/d2 lu249/d3 nl2106/d5 nz133/d1 gb490/d3
     motorcycle/buell/s1-lightning              "S1 Lightning"             gb,nl          rows~?       nl1527/d3 gb743/d4
     motorcycle/buell/x1-lightning              "X1 Lightning"             fi,gb,nl       rows~?       fi1561/d6 nl2582/d5 gb1041/d6
     motorcycle/buell/xb12s-lightning           "XB12S Lightning"          fi,nl          rows~?       fi1365/d6 nl2633/d6
     motorcycle/buell/xb12ss-lightning          "XB12SS Lightning"         gb,nl          rows~?       nl4433/d9 gb1246/d7
     motorcycle/buell/xb9s-lightning            "XB9S Lightning"           fi,gb,lu       rows~?       fi1911/d8 lu694/d7 gb1134/d6
     ALTITUDE: "Lightning" ⊆ "Lightning City X"
        why: "Lightning City X" adds the NAME WORD(S) CITY to "Lightning" -> a model named inside a range, not a respelling
     ALTITUDE: "Lightning" ⊆ "Lightning Long"
        why: "Lightning Long" adds the NAME WORD(S) LONG to "Lightning" -> a model named inside a range, not a respelling
     SPELLING: "Lightning" ⊆ "S1 Lightning"
        why: "S1 Lightning" adds only number/code token(s) S1 to "Lightning", and no superset of "Lightning" adds a second capacity -> one machine respelled is the likelier reading (NOT proven: bmw/r80 vs R80/7 lands here and is wrong)
     SPELLING: "Lightning" ⊆ "X1 Lightning"
        why: "X1 Lightning" adds only number/code token(s) X1 to "Lightning", and no superset of "Lightning" adds a second capacity -> one machine respelled is the likelier reading (NOT proven: bmw/r80 vs R80/7 lands here and is wrong)
     SPELLING: "Lightning" ⊆ "XB12S Lightning"
        why: "XB12S Lightning" adds only number/code token(s) XB12S to "Lightning", and no superset of "Lightning" adds a second capacity -> one machine respelled is the likelier reading (NOT proven: bmw/r80 vs R80/7 lands here and is wrong)
     SPELLING: "Lightning" ⊆ "XB12SS Lightning"
        why: "XB12SS Lightning" adds only number/code token(s) XB12SS to "Lightning", and no superset of "Lightning" adds a second capacity -> one machine respelled is the likelier reading (NOT proven: bmw/r80 vs R80/7 lands here and is wrong)
     SPELLING: "Lightning" ⊆ "XB9S Lightning"
        why: "XB9S Lightning" adds only number/code token(s) XB9S to "Lightning", and no superset of "Lightning" adds a second capacity -> one machine respelled is the likelier reading (NOT proven: bmw/r80 vs R80/7 lands here and is wrong)
     ALTITUDE: "S1" ⊆ "S1 Lightning"
        why: "S1 Lightning" adds the NAME WORD(S) LIGHTNING to "S1" -> a model named inside a range, not a respelling
     ALTITUDE: "X1" ⊆ "X1 Lightning"
        why: "X1 Lightning" adds the NAME WORD(S) LIGHTNING to "X1" -> a model named inside a range, not a respelling
     ALTITUDE: "XB12S" ⊆ "XB12S Lightning"
        why: "XB12S Lightning" adds the NAME WORD(S) LIGHTNING to "XB12S" -> a model named inside a range, not a respelling
──────────────────────────────────────────────────────────────────────────────
[8] yamaha / motorcycle   6 ids   asymmetry ?
     ?? distinct numeric tokens in cluster: 1100 — if the marque sold this nameplate in MORE THAN ONE capacity these are different machines, not respellings (the Gold Star 250 trap)
     ~~ COMMON-WORD HUB: "DragStar" is a subset of 6 names in this make
     motorcycle/yamaha/dragstar                 "DragStar"                 fi,nl,nz,ua    rows~?       fi983/d4 nl1980/d4 nz294/d2 ua149/d2
     motorcycle/yamaha/dragstar-1100            "DragStar 1100"            nl,ua          rows~?       nl4294/d9 ua119/d1
     motorcycle/yamaha/xvs1100-dragstar         "XVS1100 DragStar"         fi,nl          rows~?       fi680/d3 nl2954/d6
     motorcycle/yamaha/xvs1100a-dragstar        "XVS1100A DragStar"        fi,nl          rows~?       fi1526/d6 nl3915/d8
     motorcycle/yamaha/xvs650-dragstar          "XVS650 DragStar"          fi,nl          rows~?       fi987/d4 nl2874/d6
     motorcycle/yamaha/xvs650a-dragstar         "XVS650A DragStar"         fi,nl          rows~?       fi1528/d6 nl4317/d9
     SPELLING: "DragStar" ⊆ "DragStar 1100"
        why: "DragStar 1100" adds only number/code token(s) 1100 to "DragStar", and no superset of "DragStar" adds a second capacity -> one machine respelled is the likelier reading (NOT proven: bmw/r80 vs R80/7 lands here and is wrong)
     ALTITUDE: "DragStar" ⊆ "DragStar Classic"
        why: "DragStar Classic" adds the NAME WORD(S) CLASSIC to "DragStar" -> a model named inside a range, not a respelling
     SPELLING: "DragStar" ⊆ "XVS1100 DragStar"
        why: "XVS1100 DragStar" adds only number/code token(s) XVS1100 to "DragStar", and no superset of "DragStar" adds a second capacity -> one machine respelled is the likelier reading (NOT proven: bmw/r80 vs R80/7 lands here and is wrong)
     SPELLING: "DragStar" ⊆ "XVS1100A DragStar"
        why: "XVS1100A DragStar" adds only number/code token(s) XVS1100A to "DragStar", and no superset of "DragStar" adds a second capacity -> one machine respelled is the likelier reading (NOT proven: bmw/r80 vs R80/7 lands here and is wrong)
     SPELLING: "DragStar" ⊆ "XVS650 DragStar"
        why: "XVS650 DragStar" adds only number/code token(s) XVS650 to "DragStar", and no superset of "DragStar" adds a second capacity -> one machine respelled is the likelier reading (NOT proven: bmw/r80 vs R80/7 lands here and is wrong)
     SPELLING: "DragStar" ⊆ "XVS650A DragStar"
        why: "XVS650A DragStar" adds only number/code token(s) XVS650A to "DragStar", and no superset of "DragStar" adds a second capacity -> one machine respelled is the likelier reading (NOT proven: bmw/r80 vs R80/7 lands here and is wrong)
     ALTITUDE: "XVS1100" ⊆ "XVS1100 DragStar"
        why: "XVS1100 DragStar" adds the NAME WORD(S) DRAGSTAR to "XVS1100" -> a model named inside a range, not a respelling
     ALTITUDE: "XVS1100A" ⊆ "XVS1100A DragStar"
        why: "XVS1100A DragStar" adds the NAME WORD(S) DRAGSTAR to "XVS1100A" -> a model named inside a range, not a respelling
     ALTITUDE: "XVS650" ⊆ "XVS650 DragStar"
        why: "XVS650 DragStar" adds the NAME WORD(S) DRAGSTAR to "XVS650" -> a model named inside a range, not a respelling
     ALTITUDE: "XVS650A" ⊆ "XVS650A DragStar"
        why: "XVS650A DragStar" adds the NAME WORD(S) DRAGSTAR to "XVS650A" -> a model named inside a range, not a respelling
──────────────────────────────────────────────────────────────────────────────
[9] triumph / motorcycle   6 ids   asymmetry ?
     ~~ COMMON-WORD HUB: "Street Triple" is a subset of 5 names in this make
     motorcycle/triumph/street-triple           "Street Triple"            es,fi,gb,lu,nl,nz,ua rows~?       es626/d7 fi288/d2 lu309/d4 nl133/d1 nz22/d1 ua222/d2 gb10/d1
     motorcycle/triumph/street-triple-765rx     "Street Triple 765RX"      es,lu,nl       rows~?       es291/d4 lu972/d10 nl2682/d6
     motorcycle/triumph/street-triple-r         "Street Triple R"          es,fi,lu,nl,nz,ua rows~?       es346/d4 fi195/d1 lu141/d2 nl128/d1 nz196/d1 ua682/d5
     motorcycle/triumph/street-triple-rs        "Street Triple RS"         es,fi,lu,nl,th,ua rows~?       es248/d3 fi283/d2 lu183/d2 nl252/d1 th215/d5 ua478/d4
     motorcycle/triumph/street-triple-rx        "Street Triple RX"         fi,nl          rows~?       fi926/d4 nl1305/d3
     motorcycle/triumph/street-triple-s         "Street Triple S"          fi,lu,nl       rows~?       fi1052/d4 lu402/d4 nl1322/d3
     SPELLING: "Street Triple" ⊆ "Street Triple 765RX"
        why: "Street Triple 765RX" adds only number/code token(s) 765RX to "Street Triple", and no superset of "Street Triple" adds a second capacity -> one machine respelled is the likelier reading (NOT proven: bmw/r80 vs R80/7 lands here and is wrong)
     SPELLING: "Street Triple" ⊆ "Street Triple R"
        why: "Street Triple R" adds only number/code token(s) R to "Street Triple", and no superset of "Street Triple" adds a second capacity -> one machine respelled is the likelier reading (NOT proven: bmw/r80 vs R80/7 lands here and is wrong)
     SPELLING: "Street Triple" ⊆ "Street Triple RS"
        why: "Street Triple RS" adds only number/code token(s) RS to "Street Triple", and no superset of "Street Triple" adds a second capacity -> one machine respelled is the likelier reading (NOT proven: bmw/r80 vs R80/7 lands here and is wrong)
     SPELLING: "Street Triple" ⊆ "Street Triple RX"
        why: "Street Triple RX" adds only number/code token(s) RX to "Street Triple", and no superset of "Street Triple" adds a second capacity -> one machine respelled is the likelier reading (NOT proven: bmw/r80 vs R80/7 lands here and is wrong)
     SPELLING: "Street Triple" ⊆ "Street Triple S"
        why: "Street Triple S" adds only number/code token(s) S to "Street Triple", and no superset of "Street Triple" adds a second capacity -> one machine respelled is the likelier reading (NOT proven: bmw/r80 vs R80/7 lands here and is wrong)
──────────────────────────────────────────────────────────────────────────────
[10] triumph / motorcycle   6 ids   asymmetry ?
     ?? distinct numeric tokens in cluster: 900 — if the marque sold this nameplate in MORE THAN ONE capacity these are different machines, not respellings (the Gold Star 250 trap)
     ~~ COMMON-WORD HUB: "Sprint" is a subset of 5 names in this make
     motorcycle/triumph/sprint                  "Sprint"                   nl,nz,ua       rows~?       nl3141/d7 nz63/d1 ua1075/d8
     motorcycle/triumph/sprint-900              "Sprint 900"               nl,nz          rows~?       nl1292/d3 nz1347/d6
     motorcycle/triumph/sprint-gt               "Sprint GT"                fi,gb,nl       rows~?       fi880/d4 nl1593/d4 gb293/d2
     motorcycle/triumph/sprint-rs               "Sprint RS"                fi,gb,nl       rows~?       fi2538/d10 nl1978/d4 gb376/d2
     motorcycle/triumph/sprint-st               "Sprint ST"                fi,gb,lu,nl    rows~?       fi309/d2 lu971/d10 nl418/d1 gb171/d1
     motorcycle/triumph/sprint-st1050           "Sprint ST1050"            fi,gb,nl       rows~?       fi1509/d6 nl3142/d7 gb97/d1
     SPELLING: "Sprint" ⊆ "Sprint 900"
        why: "Sprint 900" adds only number/code token(s) 900 to "Sprint", and no superset of "Sprint" adds a second capacity -> one machine respelled is the likelier reading (NOT proven: bmw/r80 vs R80/7 lands here and is wrong)
     SPELLING: "Sprint" ⊆ "Sprint GT"
        why: "Sprint GT" adds only number/code token(s) GT to "Sprint", and no superset of "Sprint" adds a second capacity -> one machine respelled is the likelier reading (NOT proven: bmw/r80 vs R80/7 lands here and is wrong)
     SPELLING: "Sprint" ⊆ "Sprint RS"
        why: "Sprint RS" adds only number/code token(s) RS to "Sprint", and no superset of "Sprint" adds a second capacity -> one machine respelled is the likelier reading (NOT proven: bmw/r80 vs R80/7 lands here and is wrong)
     SPELLING: "Sprint" ⊆ "Sprint ST"
        why: "Sprint ST" adds only number/code token(s) ST to "Sprint", and no superset of "Sprint" adds a second capacity -> one machine respelled is the likelier reading (NOT proven: bmw/r80 vs R80/7 lands here and is wrong)
     SPELLING: "Sprint" ⊆ "Sprint ST1050"
        why: "Sprint ST1050" adds only number/code token(s) ST1050 to "Sprint", and no superset of "Sprint" adds a second capacity -> one machine respelled is the likelier reading (NOT proven: bmw/r80 vs R80/7 lands here and is wrong)
     ALTITUDE: "ST" ⊆ "Sprint ST"
        why: "Sprint ST" adds the NAME WORD(S) SPRINT to "ST" -> a model named inside a range, not a respelling
──────────────────────────────────────────────────────────────────────────────
[11] kawasaki / motorcycle   6 ids   asymmetry ?
     ?? distinct numeric tokens in cluster: 1, 750 — if the marque sold this nameplate in MORE THAN ONE capacity these are different machines, not respellings (the Gold Star 250 trap)
     ~~ COMMON-WORD HUB: "H2" is a subset of 3 names in this make
     motorcycle/kawasaki/750                    "750"                      es,nl          rows~?       es778/d9 nl4100/d8
     motorcycle/kawasaki/h2-750                 "H2 750"                   fi,nl          rows~?       fi2253/d9 nl3803/d8
     motorcycle/kawasaki/h2                     "H2"                       nl,nz          rows~?       nl4110/d8 nz621/d3
     motorcycle/kawasaki/z-h2                   "Z H2"                     es,fi,lu,nl,ua rows~?       es787/d9 fi266/d1 lu365/d4 nl640/d2 ua1031/d8
     motorcycle/kawasaki/z                      "Z"                        nl,nz          rows~?       nl4775/d10 nz337/d2
     motorcycle/kawasaki/z-e-1                  "Z E-1"                    es,nl          rows~?       es605/d7 nl2558/d5
     SPELLING: "750" ⊆ "H2 750"
        why: "H2 750" adds only number/code token(s) H2 to "750", and no superset of "750" adds a second capacity -> one machine respelled is the likelier reading (NOT proven: bmw/r80 vs R80/7 lands here and is wrong)
     ALTITUDE: "750" ⊆ "Zephyr 750"
        why: "Zephyr 750" adds the NAME WORD(S) ZEPHYR to "750" -> a model named inside a range, not a respelling
     SPELLING: "H2" ⊆ "H2 750"
        why: "H2 750" adds only number/code token(s) 750 to "H2", and no superset of "H2" adds a second capacity -> one machine respelled is the likelier reading (NOT proven: bmw/r80 vs R80/7 lands here and is wrong)
     ALTITUDE: "H2" ⊆ "Ninja H2"
        why: "Ninja H2" adds the NAME WORD(S) NINJA to "H2" -> a model named inside a range, not a respelling
     SPELLING: "H2" ⊆ "Z H2"
        why: "Z H2" adds only number/code token(s) Z to "H2", and no superset of "H2" adds a second capacity -> one machine respelled is the likelier reading (NOT proven: bmw/r80 vs R80/7 lands here and is wrong)
     SPELLING: "Z" ⊆ "Z E-1"
        why: "Z E-1" adds only number/code token(s) E, 1 to "Z", and no superset of "Z" adds a second capacity -> one machine respelled is the likelier reading (NOT proven: bmw/r80 vs R80/7 lands here and is wrong)
     SPELLING: "Z" ⊆ "Z H2"
        why: "Z H2" adds only number/code token(s) H2 to "Z", and no superset of "Z" adds a second capacity -> one machine respelled is the likelier reading (NOT proven: bmw/r80 vs R80/7 lands here and is wrong)
──────────────────────────────────────────────────────────────────────────────
[12] honda / motorcycle   6 ids   asymmetry ?
     ~~ COMMON-WORD HUB: "Magna" is a subset of 5 names in this make
     motorcycle/honda/magna                     "Magna"                    fi,nl,nz,ua    rows~?       fi1099/d5 nl3370/d7 nz324/d2 ua411/d3
     motorcycle/honda/v45-magna                 "V45 Magna"                fi,nl          rows~?       fi1662/d7 nl417/d1
     motorcycle/honda/v65-magna                 "V65 Magna"                fi,nl,nz       rows~?       fi2183/d9 nl940/d2 nz1736/d8
     motorcycle/honda/vf700-magna               "VF700 Magna"              fi,nl,nz       rows~?       fi1664/d7 nl181/d1 nz1548/d7
     motorcycle/honda/vf700c-magna              "VF700C Magna"             fi,nl          rows~?       fi1665/d7 nl655/d2
     motorcycle/honda/vf750-magna               "VF750 Magna"              nl,nz          rows~?       nl4073/d8 nz1047/d5
     SPELLING: "Magna" ⊆ "V45 Magna"
        why: "V45 Magna" adds only number/code token(s) V45 to "Magna", and no superset of "Magna" adds a second capacity -> one machine respelled is the likelier reading (NOT proven: bmw/r80 vs R80/7 lands here and is wrong)
     SPELLING: "Magna" ⊆ "V65 Magna"
        why: "V65 Magna" adds only number/code token(s) V65 to "Magna", and no superset of "Magna" adds a second capacity -> one machine respelled is the likelier reading (NOT proven: bmw/r80 vs R80/7 lands here and is wrong)
     SPELLING: "Magna" ⊆ "VF700 Magna"
        why: "VF700 Magna" adds only number/code token(s) VF700 to "Magna", and no superset of "Magna" adds a second capacity -> one machine respelled is the likelier reading (NOT proven: bmw/r80 vs R80/7 lands here and is wrong)
     SPELLING: "Magna" ⊆ "VF700C Magna"
        why: "VF700C Magna" adds only number/code token(s) VF700C to "Magna", and no superset of "Magna" adds a second capacity -> one machine respelled is the likelier reading (NOT proven: bmw/r80 vs R80/7 lands here and is wrong)
     SPELLING: "Magna" ⊆ "VF750 Magna"
        why: "VF750 Magna" adds only number/code token(s) VF750 to "Magna", and no superset of "Magna" adds a second capacity -> one machine respelled is the likelier reading (NOT proven: bmw/r80 vs R80/7 lands here and is wrong)
     ALTITUDE: "V45" ⊆ "V45 Magna"
        why: "V45 Magna" adds the NAME WORD(S) MAGNA to "V45" -> a model named inside a range, not a respelling
     ALTITUDE: "VF700" ⊆ "VF700 Magna"
        why: "VF700 Magna" adds the NAME WORD(S) MAGNA to "VF700" -> a model named inside a range, not a respelling
     ALTITUDE: "VF700C" ⊆ "VF700C Magna"
        why: "VF700C Magna" adds the NAME WORD(S) MAGNA to "VF700C" -> a model named inside a range, not a respelling
     ALTITUDE: "VF750" ⊆ "VF750 Magna"
        why: "VF750 Magna" adds the NAME WORD(S) MAGNA to "VF750" -> a model named inside a range, not a respelling
──────────────────────────────────────────────────────────────────────────────
[13] yamaha / motorcycle   6 ids   asymmetry ?
     ~~ COMMON-WORD HUB: "Fazer" is a subset of 5 names in this make
     motorcycle/yamaha/fazer                    "Fazer"                    gb,nl,ua       rows~?       nl1369/d3 ua237/d2 gb523/d3
     motorcycle/yamaha/fazer-8abs               "Fazer 8ABS"               nl,ua          rows~?       nl3896/d8 ua1083/d8
     motorcycle/yamaha/fz1-fazer                "FZ1 Fazer"                nl,ua          rows~?       nl5136/d10 ua518/d4
     motorcycle/yamaha/fz6-fazer                "FZ6 Fazer"                nl,ua          rows~?       nl1981/d4 ua238/d2
     motorcycle/yamaha/fz6-s-fazer              "FZ6-S Fazer"              fi,nl          rows~?       fi2598/d10 nl3644/d8
     motorcycle/yamaha/fzx700-fazer             "FZX700 Fazer"             fi,nl          rows~?       fi1798/d7 nl2949/d6
     SPELLING: "Fazer" ⊆ "Fazer 8ABS"
        why: "Fazer 8ABS" adds only number/code token(s) 8ABS to "Fazer", and no superset of "Fazer" adds a second capacity -> one machine respelled is the likelier reading (NOT proven: bmw/r80 vs R80/7 lands here and is wrong)
     SPELLING: "Fazer" ⊆ "FZ1 Fazer"
        why: "FZ1 Fazer" adds only number/code token(s) FZ1 to "Fazer", and no superset of "Fazer" adds a second capacity -> one machine respelled is the likelier reading (NOT proven: bmw/r80 vs R80/7 lands here and is wrong)
     SPELLING: "Fazer" ⊆ "FZ6 Fazer"
        why: "FZ6 Fazer" adds only number/code token(s) FZ6 to "Fazer", and no superset of "Fazer" adds a second capacity -> one machine respelled is the likelier reading (NOT proven: bmw/r80 vs R80/7 lands here and is wrong)
     SPELLING: "Fazer" ⊆ "FZ6-S Fazer"
        why: "FZ6-S Fazer" adds only number/code token(s) FZ6, S to "Fazer", and no superset of "Fazer" adds a second capacity -> one machine respelled is the likelier reading (NOT proven: bmw/r80 vs R80/7 lands here and is wrong)
     SPELLING: "Fazer" ⊆ "FZX700 Fazer"
        why: "FZX700 Fazer" adds only number/code token(s) FZX700 to "Fazer", and no superset of "Fazer" adds a second capacity -> one machine respelled is the likelier reading (NOT proven: bmw/r80 vs R80/7 lands here and is wrong)
     SPELLING: "FZ6 Fazer" ⊆ "FZ6-S Fazer"
        why: "FZ6-S Fazer" adds only number/code token(s) S to "FZ6 Fazer", and no superset of "FZ6 Fazer" adds a second capacity -> one machine respelled is the likelier reading (NOT proven: bmw/r80 vs R80/7 lands here and is wrong)
──────────────────────────────────────────────────────────────────────────────
[14] mv-agusta / motorcycle   6 ids   asymmetry ?
     ?? distinct numeric tokens in cluster: 910 — if the marque sold this nameplate in MORE THAN ONE capacity these are different machines, not respellings (the Gold Star 250 trap)
     ~~ COMMON-WORD HUB: "F4 Brutale" is a subset of 3 names in this make
     motorcycle/mv-agusta/brutale-1078rr        "Brutale 1078RR"           fi,nl          rows~?       fi2364/d9 nl4889/d10
     motorcycle/mv-agusta/f4-brutale-1078rr     "F4 Brutale 1078RR"        fi,nl          rows~?       fi1210/d5 nl2171/d5
     motorcycle/mv-agusta/brutale-910           "Brutale 910"              fi,gb,nl       rows~?       fi918/d4 nl2064/d4 gb1143/d7
     motorcycle/mv-agusta/f4-brutale-910        "F4 Brutale 910"           fi,nl          rows~?       fi1211/d5 nl1474/d3
     motorcycle/mv-agusta/f4-brutale            "F4 Brutale"               fi,nl          rows~?       fi1479/d6 nl3838/d8
     motorcycle/mv-agusta/f4-brutale-989r       "F4 Brutale 989R"          fi,nl          rows~?       fi977/d4 nl2452/d5
     ALTITUDE: "Brutale" ⊆ "Brutale 1078RR"
        why: "Brutale" has supersets adding 6 DIFFERENT capacities (1000, 1090, 675, 800, 910, 989) -> a range under one family word, not one machine respelled
     ALTITUDE: "Brutale" ⊆ "Brutale 910"
        why: "Brutale" has supersets adding 6 DIFFERENT capacities (1000, 1090, 675, 800, 910, 989) -> a range under one family word, not one machine respelled
     ALTITUDE: "Brutale" ⊆ "F4 Brutale"
        why: "Brutale" has supersets adding 6 DIFFERENT capacities (1000, 1090, 675, 800, 910, 989) -> a range under one family word, not one machine respelled
     ALTITUDE: "Brutale" ⊆ "F4 Brutale 1078RR"
        why: "Brutale" has supersets adding 6 DIFFERENT capacities (1000, 1090, 675, 800, 910, 989) -> a range under one family word, not one machine respelled
     ALTITUDE: "Brutale" ⊆ "F4 Brutale 910"
        why: "Brutale" has supersets adding 6 DIFFERENT capacities (1000, 1090, 675, 800, 910, 989) -> a range under one family word, not one machine respelled
     ALTITUDE: "Brutale" ⊆ "F4 Brutale 989R"
        why: "Brutale" has supersets adding 6 DIFFERENT capacities (1000, 1090, 675, 800, 910, 989) -> a range under one family word, not one machine respelled
     SPELLING: "Brutale 1078RR" ⊆ "F4 Brutale 1078RR"
        why: "F4 Brutale 1078RR" adds only number/code token(s) F4 to "Brutale 1078RR", and no superset of "Brutale 1078RR" adds a second capacity -> one machine respelled is the likelier reading (NOT proven: bmw/r80 vs R80/7 lands here and is wrong)
     SPELLING: "Brutale 910" ⊆ "F4 Brutale 910"
        why: "F4 Brutale 910" adds only number/code token(s) F4 to "Brutale 910", and no superset of "Brutale 910" adds a second capacity -> one machine respelled is the likelier reading (NOT proven: bmw/r80 vs R80/7 lands here and is wrong)
     ALTITUDE: "F4" ⊆ "F4 Brutale"
        why: "F4" has supersets adding 2 DIFFERENT capacities (1000, 910) -> a range under one family word, not one machine respelled
     ALTITUDE: "F4" ⊆ "F4 Brutale 1078RR"
        why: "F4" has supersets adding 2 DIFFERENT capacities (1000, 910) -> a range under one family word, not one machine respelled
     ALTITUDE: "F4" ⊆ "F4 Brutale 910"
        why: "F4" has supersets adding 2 DIFFERENT capacities (1000, 910) -> a range under one family word, not one machine respelled
     ALTITUDE: "F4" ⊆ "F4 Brutale 989R"
        why: "F4" has supersets adding 2 DIFFERENT capacities (1000, 910) -> a range under one family word, not one machine respelled
     SPELLING: "F4 Brutale" ⊆ "F4 Brutale 1078RR"
        why: "F4 Brutale 1078RR" adds only number/code token(s) 1078RR to "F4 Brutale", and no superset of "F4 Brutale" adds a second capacity -> one machine respelled is the likelier reading (NOT proven: bmw/r80 vs R80/7 lands here and is wrong)
     SPELLING: "F4 Brutale" ⊆ "F4 Brutale 910"
        why: "F4 Brutale 910" adds only number/code token(s) 910 to "F4 Brutale", and no superset of "F4 Brutale" adds a second capacity -> one machine respelled is the likelier reading (NOT proven: bmw/r80 vs R80/7 lands here and is wrong)
     SPELLING: "F4 Brutale" ⊆ "F4 Brutale 989R"
        why: "F4 Brutale 989R" adds only number/code token(s) 989R to "F4 Brutale", and no superset of "F4 Brutale" adds a second capacity -> one machine respelled is the likelier reading (NOT proven: bmw/r80 vs R80/7 lands here and is wrong)
──────────────────────────────────────────────────────────────────────────────
[15] harley-davidson / motorcycle   5 ids   asymmetry ?
     ?? distinct numeric tokens in cluster: 883 — if the marque sold this nameplate in MORE THAN ONE capacity these are different machines, not respellings (the Gold Star 250 trap)
     ~~ COMMON-WORD HUB: "Sportster XL" is a subset of 4 names in this make
     motorcycle/harley-davidson/sportster-883   "Sportster 883"            fi,nl,nz       rows~?       fi1411/d6 nl2185/d5 nz712/d3
     motorcycle/harley-davidson/xl-sportster-883 "XL Sportster 883"         fi,nl          rows~?       fi301/d2 nl1351/d3
     motorcycle/harley-davidson/sportster-xl    "Sportster XL"             fi,nl,nz       rows~?       fi2072/d8 nl1323/d3 nz1705/d8
     motorcycle/harley-davidson/xl-sportster-883l "XL Sportster 883L"        es,fi,nl       rows~?       es732/d8 fi98/d1 nl893/d2
     motorcycle/harley-davidson/xl-sportster-883r "XL Sportster 883R"        fi,nl          rows~?       fi387/d2 nl1012/d2
     ALTITUDE: "883" ⊆ "Sportster 883"
        why: "Sportster 883" adds the NAME WORD(S) SPORTSTER to "883" -> a model named inside a range, not a respelling
     ALTITUDE: "883" ⊆ "XL Sportster 883"
        why: "XL Sportster 883" adds the NAME WORD(S) SPORTSTER to "883" -> a model named inside a range, not a respelling
     ALTITUDE: "Sportster" ⊆ "Sportster 883"
        why: "Sportster" has supersets adding 4 DIFFERENT capacities (1000, 1100, 1200, 883) -> a range under one family word, not one machine respelled
     ALTITUDE: "Sportster" ⊆ "Sportster XL"
        why: "Sportster" has supersets adding 4 DIFFERENT capacities (1000, 1100, 1200, 883) -> a range under one family word, not one machine respelled
     ALTITUDE: "Sportster" ⊆ "XL Sportster 883"
        why: "Sportster" has supersets adding 4 DIFFERENT capacities (1000, 1100, 1200, 883) -> a range under one family word, not one machine respelled
     ALTITUDE: "Sportster" ⊆ "XL Sportster 883L"
        why: "Sportster" has supersets adding 4 DIFFERENT capacities (1000, 1100, 1200, 883) -> a range under one family word, not one machine respelled
     ALTITUDE: "Sportster" ⊆ "XL Sportster 883R"
        why: "Sportster" has supersets adding 4 DIFFERENT capacities (1000, 1100, 1200, 883) -> a range under one family word, not one machine respelled
     SPELLING: "Sportster 883" ⊆ "XL Sportster 883"
        why: "XL Sportster 883" adds only number/code token(s) XL to "Sportster 883", and no superset of "Sportster 883" adds a second capacity -> one machine respelled is the likelier reading (NOT proven: bmw/r80 vs R80/7 lands here and is wrong)
     ALTITUDE: "Sportster 883" ⊆ "XLH Sportster 883"
        why: "XLH Sportster 883" adds the NAME WORD(S) XLH to "Sportster 883" -> a model named inside a range, not a respelling
     ALTITUDE: "XL" ⊆ "Sportster XL"
        why: "XL" has supersets adding 2 DIFFERENT capacities (2, 883) -> a range under one family word, not one machine respelled
     SPELLING: "Sportster XL" ⊆ "XL Sportster 883"
        why: "XL Sportster 883" adds only number/code token(s) 883 to "Sportster XL", and no superset of "Sportster XL" adds a second capacity -> one machine respelled is the likelier reading (NOT proven: bmw/r80 vs R80/7 lands here and is wrong)
     SPELLING: "Sportster XL" ⊆ "XL Sportster 883L"
        why: "XL Sportster 883L" adds only number/code token(s) 883L to "Sportster XL", and no superset of "Sportster XL" adds a second capacity -> one machine respelled is the likelier reading (NOT proven: bmw/r80 vs R80/7 lands here and is wrong)
     ALTITUDE: "Sportster XL" ⊆ "XL Sportster 883L Super Low"
        why: "XL Sportster 883L Super Low" adds the NAME WORD(S) SUPER, LOW to "Sportster XL" -> a model named inside a range, not a respelling
     SPELLING: "Sportster XL" ⊆ "XL Sportster 883R"
        why: "XL Sportster 883R" adds only number/code token(s) 883R to "Sportster XL", and no superset of "Sportster XL" adds a second capacity -> one machine respelled is the likelier reading (NOT proven: bmw/r80 vs R80/7 lands here and is wrong)
     ALTITUDE: "XL" ⊆ "XL Sportster 883"
        why: "XL" has supersets adding 2 DIFFERENT capacities (2, 883) -> a range under one family word, not one machine respelled
     ALTITUDE: "XL" ⊆ "XL Sportster 883L"
        why: "XL" has supersets adding 2 DIFFERENT capacities (2, 883) -> a range under one family word, not one machine respelled
     ALTITUDE: "XL" ⊆ "XL Sportster 883R"
        why: "XL" has supersets adding 2 DIFFERENT capacities (2, 883) -> a range under one family word, not one machine respelled
     ALTITUDE: "XL Sportster 883L" ⊆ "XL Sportster 883L Super Low"
        why: "XL Sportster 883L Super Low" adds the NAME WORD(S) SUPER, LOW to "XL Sportster 883L" -> a model named inside a range, not a respelling
──────────────────────────────────────────────────────────────────────────────
[16] aprilia / motorcycle   5 ids   asymmetry ?
     ~~ COMMON-WORD HUB: "SR" is a subset of 6 names in this make
     motorcycle/aprilia/sr                      "SR"                       nl,nz          rows~?       nl3671/d8 nz325/d2
     motorcycle/aprilia/sr-gt                   "SR GT"                    gb             rows~?       gb399/d3
     motorcycle/aprilia/sr-gt125                "SR GT125"                 es,gb,lu,nl    rows~?       es25/d1 lu106/d2 nl1928/d4 gb1582/d9
     motorcycle/aprilia/sr-gt200                "SR GT200"                 es,fi,lu,nl,nz,th rows~?       es252/d3 fi1535/d6 lu414/d5 nl357/d1 nz951/d4 th129/d3
     motorcycle/aprilia/sr-gt400                "SR GT400"                 es,lu,nl       rows~?       es131/d2 lu318/d4 nl1127/d3
     SPELLING: "SR" ⊆ "SR GT"
        why: "SR GT" adds only number/code token(s) GT to "SR", and no superset of "SR" adds a second capacity -> one machine respelled is the likelier reading (NOT proven: bmw/r80 vs R80/7 lands here and is wrong)
     SPELLING: "SR" ⊆ "SR GT125"
        why: "SR GT125" adds only number/code token(s) GT125 to "SR", and no superset of "SR" adds a second capacity -> one machine respelled is the likelier reading (NOT proven: bmw/r80 vs R80/7 lands here and is wrong)
     SPELLING: "SR" ⊆ "SR GT200"
        why: "SR GT200" adds only number/code token(s) GT200 to "SR", and no superset of "SR" adds a second capacity -> one machine respelled is the likelier reading (NOT proven: bmw/r80 vs R80/7 lands here and is wrong)
     SPELLING: "SR" ⊆ "SR GT400"
        why: "SR GT400" adds only number/code token(s) GT400 to "SR", and no superset of "SR" adds a second capacity -> one machine respelled is the likelier reading (NOT proven: bmw/r80 vs R80/7 lands here and is wrong)
     ALTITUDE: "SR" ⊆ "SR Max"
        why: "SR Max" adds the NAME WORD(S) MAX to "SR" -> a model named inside a range, not a respelling
     ALTITUDE: "SR" ⊆ "SR Motard 125"
        why: "SR Motard 125" adds the NAME WORD(S) MOTARD to "SR" -> a model named inside a range, not a respelling
──────────────────────────────────────────────────────────────────────────────
[17] honda / moped   5 ids   asymmetry ?
     ~~ COMMON-WORD HUB: "Dio" is a subset of 4 names in this make
     moped/honda/dio                            "Dio"                      nl,nz,ua       rows~?       nl1162/d10 nz19/d1 ua3/d1
     moped/honda/dio-af27                       "Dio AF27"                 nz,ua          rows~?       nz342/d8 ua23/d3
     moped/honda/dio-af34                       "Dio AF34"                 nz,ua          rows~?       nz343/d8 ua13/d2
     moped/honda/dio-sr                         "Dio Sr"                   nl,nz          rows~?       nl1163/d10 nz258/d6
     moped/honda/dio-z4                         "Dio Z4"                   nz,ua          rows~?       nz344/d8 ua46/d5
     SPELLING: "Dio" ⊆ "Dio AF27"
        why: "Dio AF27" adds only number/code token(s) AF27 to "Dio", and no superset of "Dio" adds a second capacity -> one machine respelled is the likelier reading (NOT proven: bmw/r80 vs R80/7 lands here and is wrong)
     SPELLING: "Dio" ⊆ "Dio AF34"
        why: "Dio AF34" adds only number/code token(s) AF34 to "Dio", and no superset of "Dio" adds a second capacity -> one machine respelled is the likelier reading (NOT proven: bmw/r80 vs R80/7 lands here and is wrong)
     SPELLING: "Dio" ⊆ "Dio Sr"
        why: "Dio Sr" adds only number/code token(s) SR to "Dio", and no superset of "Dio" adds a second capacity -> one machine respelled is the likelier reading (NOT proven: bmw/r80 vs R80/7 lands here and is wrong)
     SPELLING: "Dio" ⊆ "Dio Z4"
        why: "Dio Z4" adds only number/code token(s) Z4 to "Dio", and no superset of "Dio" adds a second capacity -> one machine respelled is the likelier reading (NOT proven: bmw/r80 vs R80/7 lands here and is wrong)
──────────────────────────────────────────────────────────────────────────────
[18] kymco / motorcycle   5 ids   asymmetry ?
     ?? distinct numeric tokens in cluster: 500 — if the marque sold this nameplate in MORE THAN ONE capacity these are different machines, not respellings (the Gold Star 250 trap)
     ~~ COMMON-WORD HUB: "Xciting" is a subset of 4 names in this make
     motorcycle/kymco/xciting                   "Xciting"                  fi,gb,nl,nz,ua rows~?       fi530/d2 nl1509/d3 nz1326/d6 ua1305/d10 gb1455/d8
     motorcycle/kymco/xciting-400i              "Xciting 400I"             lu,nl          rows~?       lu533/d6 nl1649/d4
     motorcycle/kymco/xciting-500               "Xciting 500"              fi,nl          rows~?       fi453/d2 nl2656/d6
     motorcycle/kymco/xciting-s400              "Xciting S400"             fi,nl          rows~?       fi975/d4 nl1885/d4
     motorcycle/kymco/xciting-vs400             "Xciting VS400"            es,fi,nl       rows~?       es203/d3 fi1715/d7 nl2493/d5
     SPELLING: "Xciting" ⊆ "Xciting 400I"
        why: "Xciting 400I" adds only number/code token(s) 400I to "Xciting", and no superset of "Xciting" adds a second capacity -> one machine respelled is the likelier reading (NOT proven: bmw/r80 vs R80/7 lands here and is wrong)
     SPELLING: "Xciting" ⊆ "Xciting 500"
        why: "Xciting 500" adds only number/code token(s) 500 to "Xciting", and no superset of "Xciting" adds a second capacity -> one machine respelled is the likelier reading (NOT proven: bmw/r80 vs R80/7 lands here and is wrong)
     SPELLING: "Xciting" ⊆ "Xciting S400"
        why: "Xciting S400" adds only number/code token(s) S400 to "Xciting", and no superset of "Xciting" adds a second capacity -> one machine respelled is the likelier reading (NOT proven: bmw/r80 vs R80/7 lands here and is wrong)
     SPELLING: "Xciting" ⊆ "Xciting VS400"
        why: "Xciting VS400" adds only number/code token(s) VS400 to "Xciting", and no superset of "Xciting" adds a second capacity -> one machine respelled is the likelier reading (NOT proven: bmw/r80 vs R80/7 lands here and is wrong)
──────────────────────────────────────────────────────────────────────────────
[19] ducati / motorcycle   5 ids   asymmetry ?
     ?? distinct numeric tokens in cluster: 1260 — if the marque sold this nameplate in MORE THAN ONE capacity these are different machines, not respellings (the Gold Star 250 trap)
     ~~ COMMON-WORD HUB: "Diavel" is a subset of 11 names in this make
     motorcycle/ducati/diavel                   "Diavel"                   es,fi,gb,lu,nl,nz,ua rows~?       es685/d8 fi188/d1 lu718/d8 nl650/d2 nz111/d1 ua126/d1 gb213/d2
     motorcycle/ducati/diavel-1260              "Diavel 1260"              fi,gb,nl,ua    rows~?       fi897/d4 nl2021/d4 ua379/d3 gb667/d4
     motorcycle/ducati/diavel-1260s             "Diavel 1260S"             fi,lu,nl,ua    rows~?       fi700/d3 lu252/d3 nl1336/d3 ua641/d5
     motorcycle/ducati/diavel-v4                "Diavel V4"                es,fi,nl,th,ua rows~?       es455/d5 fi718/d3 nl1252/d3 th241/d6 ua178/d2
     motorcycle/ducati/diavel-v4rs              "Diavel V4RS"              es,fi,lu,nl,ua rows~?       es686/d8 fi1945/d8 lu719/d8 nl2973/d6 ua522/d4
     SPELLING: "Diavel" ⊆ "Diavel 1260"
        why: "Diavel 1260" adds only number/code token(s) 1260 to "Diavel", and no superset of "Diavel" adds a second capacity -> one machine respelled is the likelier reading (NOT proven: bmw/r80 vs R80/7 lands here and is wrong)
     ALTITUDE: "Diavel" ⊆ "Diavel 1260/S/LAMBORGHINI"
        why: "Diavel 1260/S/LAMBORGHINI" adds the NAME WORD(S) LAMBORGHINI to "Diavel" -> a model named inside a range, not a respelling
     SPELLING: "Diavel" ⊆ "Diavel 1260S"
        why: "Diavel 1260S" adds only number/code token(s) 1260S to "Diavel", and no superset of "Diavel" adds a second capacity -> one machine respelled is the likelier reading (NOT proven: bmw/r80 vs R80/7 lands here and is wrong)
     ALTITUDE: "Diavel" ⊆ "Diavel AMG"
        why: "Diavel AMG" adds the NAME WORD(S) AMG to "Diavel" -> a model named inside a range, not a respelling
     ALTITUDE: "Diavel" ⊆ "Diavel Carbon"
        why: "Diavel Carbon" adds the NAME WORD(S) CARBON to "Diavel" -> a model named inside a range, not a respelling
     ALTITUDE: "Diavel" ⊆ "Diavel Cromo"
        why: "Diavel Cromo" adds the NAME WORD(S) CROMO to "Diavel" -> a model named inside a range, not a respelling
     ALTITUDE: "Diavel" ⊆ "Diavel Diesel"
        why: "Diavel Diesel" adds the NAME WORD(S) DIESEL to "Diavel" -> a model named inside a range, not a respelling
     ALTITUDE: "Diavel" ⊆ "Diavel For Bentley"
        why: "Diavel For Bentley" adds the NAME WORD(S) FOR, BENTLEY to "Diavel" -> a model named inside a range, not a respelling
     ALTITUDE: "Diavel" ⊆ "Diavel Strada"
        why: "Diavel Strada" adds the NAME WORD(S) STRADA to "Diavel" -> a model named inside a range, not a respelling
     SPELLING: "Diavel" ⊆ "Diavel V4"
        why: "Diavel V4" adds only number/code token(s) V4 to "Diavel", and no superset of "Diavel" adds a second capacity -> one machine respelled is the likelier reading (NOT proven: bmw/r80 vs R80/7 lands here and is wrong)
     SPELLING: "Diavel" ⊆ "Diavel V4RS"
        why: "Diavel V4RS" adds only number/code token(s) V4RS to "Diavel", and no superset of "Diavel" adds a second capacity -> one machine respelled is the likelier reading (NOT proven: bmw/r80 vs R80/7 lands here and is wrong)
     ALTITUDE: "Diavel 1260" ⊆ "Diavel 1260/S/LAMBORGHINI"
        why: "Diavel 1260/S/LAMBORGHINI" adds the NAME WORD(S) LAMBORGHINI to "Diavel 1260" -> a model named inside a range, not a respelling
──────────────────────────────────────────────────────────────────────────────
[20] suzuki / motorcycle   5 ids   asymmetry ?
     ~~ COMMON-WORD HUB: "DR" is a subset of 4 names in this make
     motorcycle/suzuki/dr                       "DR"                       fi,nz          rows~?       fi2446/d10 nz152/d1
     motorcycle/suzuki/dr-z400                  "DR-Z400"                  es,fi,gb,lu,nl,nz,ua rows~?       es176/d2 fi824/d4 lu385/d4 nl1285/d3 nz24/d1 ua445/d4 gb116/d1
     motorcycle/suzuki/dr-z400s                 "DR-Z400S"                 fi,nl,ua       rows~?       fi981/d4 nl783/d2 ua419/d3
     motorcycle/suzuki/dr-z400sm                "DR-Z400SM"                fi,nl,ua       rows~?       fi455/d2 nl1209/d3 ua291/d3
     motorcycle/suzuki/dr-z400smu               "DR-Z400SMU"               fi,nl          rows~?       fi2447/d10 nl2460/d5
     SPELLING: "DR" ⊆ "DR-Z400"
        why: "DR-Z400" adds only number/code token(s) Z400 to "DR", and no superset of "DR" adds a second capacity -> one machine respelled is the likelier reading (NOT proven: bmw/r80 vs R80/7 lands here and is wrong)
     SPELLING: "DR" ⊆ "DR-Z400S"
        why: "DR-Z400S" adds only number/code token(s) Z400S to "DR", and no superset of "DR" adds a second capacity -> one machine respelled is the likelier reading (NOT proven: bmw/r80 vs R80/7 lands here and is wrong)
     SPELLING: "DR" ⊆ "DR-Z400SM"
        why: "DR-Z400SM" adds only number/code token(s) Z400SM to "DR", and no superset of "DR" adds a second capacity -> one machine respelled is the likelier reading (NOT proven: bmw/r80 vs R80/7 lands here and is wrong)
     SPELLING: "DR" ⊆ "DR-Z400SMU"
        why: "DR-Z400SMU" adds only number/code token(s) Z400SMU to "DR", and no superset of "DR" adds a second capacity -> one machine respelled is the likelier reading (NOT proven: bmw/r80 vs R80/7 lands here and is wrong)
──────────────────────────────────────────────────────────────────────────────

GRANULARITY WORKLIST — ALTITUDE pairs that form no duplicate cluster.
These are family-row-beside-model-row. DO NOT FOLD; decide the altitude.
     "RX50"                             rows~?       ⊂  "RX50 Factory"                     rows~?
        moped/aprilia/rx50  |  moped/aprilia/rx50-factory
        why: "RX50 Factory" adds the NAME WORD(S) FACTORY to "RX50" -> a model named inside a range, not a respelling
     "SR50"                             rows~?       ⊂  "SR50 Replica"                     rows~?
        moped/aprilia/sr50  |  moped/aprilia/sr50-replica
        why: "SR50 Replica" adds the NAME WORD(S) REPLICA to "SR50" -> a model named inside a range, not a respelling
     "SX50"                             rows~?       ⊂  "SX50 Factory"                     rows~?
        moped/aprilia/sx50  |  moped/aprilia/sx50-factory
        why: "SX50 Factory" adds the NAME WORD(S) FACTORY to "SX50" -> a model named inside a range, not a respelling
     "BT49QT"                           rows~?       ⊂  "BT49QT-11"                        rows~?
        moped/baotian/bt49qt  |  moped/baotian/bt49qt-11
        why: "BT49QT" has supersets adding 5 DIFFERENT capacities (11, 12, 21, 7, 9) -> a range under one family word, not one machine respelled
     "BT49QT"                           rows~?       ⊂  "BT49QT-12"                        rows~?
        moped/baotian/bt49qt  |  moped/baotian/bt49qt-12
        why: "BT49QT" has supersets adding 5 DIFFERENT capacities (11, 12, 21, 7, 9) -> a range under one family word, not one machine respelled
     "BT49QT"                           rows~?       ⊂  "BT49QT-12C1"                      rows~?
        moped/baotian/bt49qt  |  moped/baotian/bt49qt-12c1
        why: "BT49QT" has supersets adding 5 DIFFERENT capacities (11, 12, 21, 7, 9) -> a range under one family word, not one machine respelled
     "BT49QT"                           rows~?       ⊂  "BT49QT-12E"                       rows~?
        moped/baotian/bt49qt  |  moped/baotian/bt49qt-12e
        why: "BT49QT" has supersets adding 5 DIFFERENT capacities (11, 12, 21, 7, 9) -> a range under one family word, not one machine respelled
     "BT49QT"                           rows~?       ⊂  "BT49QT-12E1"                      rows~?
        moped/baotian/bt49qt  |  moped/baotian/bt49qt-12e1
        why: "BT49QT" has supersets adding 5 DIFFERENT capacities (11, 12, 21, 7, 9) -> a range under one family word, not one machine respelled
     "BT49QT"                           rows~?       ⊂  "BT49QT-20B2"                      rows~?
        moped/baotian/bt49qt  |  moped/baotian/bt49qt-20b2
        why: "BT49QT" has supersets adding 5 DIFFERENT capacities (11, 12, 21, 7, 9) -> a range under one family word, not one machine respelled
     "BT49QT"                           rows~?       ⊂  "BT49QT-20B3"                      rows~?
        moped/baotian/bt49qt  |  moped/baotian/bt49qt-20b3
        why: "BT49QT" has supersets adding 5 DIFFERENT capacities (11, 12, 21, 7, 9) -> a range under one family word, not one machine respelled
     "BT49QT"                           rows~?       ⊂  "BT49QT-21"                        rows~?
        moped/baotian/bt49qt  |  moped/baotian/bt49qt-21
        why: "BT49QT" has supersets adding 5 DIFFERENT capacities (11, 12, 21, 7, 9) -> a range under one family word, not one machine respelled
     "BT49QT"                           rows~?       ⊂  "BT49QT-22P1"                      rows~?
        moped/baotian/bt49qt  |  moped/baotian/bt49qt-22p1
        why: "BT49QT" has supersets adding 5 DIFFERENT capacities (11, 12, 21, 7, 9) -> a range under one family word, not one machine respelled
     "BT49QT"                           rows~?       ⊂  "BT49QT-7"                         rows~?
        moped/baotian/bt49qt  |  moped/baotian/bt49qt-7
        why: "BT49QT" has supersets adding 5 DIFFERENT capacities (11, 12, 21, 7, 9) -> a range under one family word, not one machine respelled
     "BT49QT"                           rows~?       ⊂  "BT49QT-9"                         rows~?
        moped/baotian/bt49qt  |  moped/baotian/bt49qt-9
        why: "BT49QT" has supersets adding 5 DIFFERENT capacities (11, 12, 21, 7, 9) -> a range under one family word, not one machine respelled
     "BT49QT"                           rows~?       ⊂  "BT49QT-9D1"                       rows~?
        moped/baotian/bt49qt  |  moped/baotian/bt49qt-9d1
        why: "BT49QT" has supersets adding 5 DIFFERENT capacities (11, 12, 21, 7, 9) -> a range under one family word, not one machine respelled
     "BT49QT"                           rows~?       ⊂  "BT49QT-9D4"                       rows~?
        moped/baotian/bt49qt  |  moped/baotian/bt49qt-9d4
        why: "BT49QT" has supersets adding 5 DIFFERENT capacities (11, 12, 21, 7, 9) -> a range under one family word, not one machine respelled
     "BT50QT-9"                         rows~?       ⊂  "BT50QT-9-Tcbp 9/49"               rows~?
        moped/baotian/bt50qt-9  |  moped/baotian/bt50qt-9-tcbp-9-49
        why: "BT50QT-9-Tcbp 9/49" adds the NAME WORD(S) TCBP to "BT50QT-9" -> a model named inside a range, not a respelling
     "Ami"                              rows~?       ⊂  "My Ami Buggy"                     rows~?
        moped/citroen/ami  |  moped/citroen/my-ami-buggy
        why: "My Ami Buggy" adds the NAME WORD(S) BUGGY to "Ami" -> a model named inside a range, not a respelling
     "Biro"                             rows~?       ⊂  "Biro Van"                         rows~?
        moped/estrima/biro  |  moped/estrima/biro-van
        why: "Biro Van" adds the NAME WORD(S) VAN to "Biro" -> a model named inside a range, not a respelling
     "Citta"                            rows~?       ⊂  "Eco Citta"                        rows~?
        moped/gilera/citta  |  moped/gilera/eco-citta
        why: "Eco Citta" adds the NAME WORD(S) ECO to "Citta" -> a model named inside a range, not a respelling

REMINDER: a clean run is not evidence of no duplicates. Re-read
"WHAT IT CANNOT FIND" in the header — glued single-token ids and
suffix-letter families (NSC50/NSC50T2, WW125/WW125A, PC31..PC39) are
outside this script's reach by construction and need their own detector.
